
PROGRAM: PPP.EXE
DATE:    06/23/16
TIME:    11:45 pm

Start  Stop   Length Name                   Class
00000H 00028H 00029H PPP                    CODE
0002AH 000D8H 000AFH COPYCRIA               CODE
000DAH 00146H 0006DH MSDCRIPTAR             CODE
00148H 001B4H 0006DH MSCRIPTAR              CODE
001B5H 001FCH 00048H ROMCKSUM_TEXT          CODE
001FEH 00279H 0007CH MAIN_TEXT              CODE
0027AH 00BF7H 0097EH EXTEND_TEXT            CODE
00BF8H 02D55H 0215EH PLANKTON_TEXT          CODE
02D56H 0324BH 004F6H PHILES_TEXT            CODE
0324CH 049A3H 01758H TERM_TEXT              CODE
049A4H 077B4H 02E11H _TEXT                  CODE
077B5H 07AA1H 002EDH ASUPPORT_TEXT          CODE
07AA2H 0803AH 00599H FILESYS_TEXT           CODE
0803CH 0889FH 00864H DATE_TEXT              CODE
088A0H 088F1H 00052H OSDATE_TEXT            CODE
088F2H 09205H 00914H TXOPEN_TEXT            CODE
09206H 09721H 0051CH DVC_TEXT               CODE
09722H 09997H 00276H INITEXIT_TEXT          CODE
09998H 09CD3H 0033CH APPINIT_TEXT           CODE
09CD4H 0AB4BH 00E78H EVENT_TEXT             CODE
0AB4CH 0AB9CH 00051H WEEDBED_TEXT           CODE
0AB9EH 0B2AFH 00712H SYMSYS_TEXT            CODE
0B2B0H 0E531H 03282H OM_TEXT                CODE
0E532H 1008BH 01B5AH STACK_TEXT             CODE
1008CH 1055DH 004D2H FIELD_TEXT             CODE
1055EH 10719H 001BCH CALL_TEXT              CODE
1071AH 111EFH 00AD6H SEND_TEXT              CODE
111F0H 112DDH 000EEH TB_TEXT                CODE
112DEH 118CFH 005F2H SET_TEXT               CODE
118D0H 13311H 01A42H OPS_TEXT               CODE
13312H 1442DH 0111CH ERRSYS1_TEXT           CODE
1442EH 14609H 001DCH SEQ_TEXT               CODE
1460AH 14C9BH 00692H ALLOC_TEXT             CODE
14C9CH 17939H 02C9EH VM_TEXT                CODE
1793AH 17F81H 00648H OUTSTD_TEXT            CODE
17F82H 199BDH 01A3CH GT_TEXT                CODE
199BEH 19B4FH 00192H TCVT_TEXT              CODE
19B50H 1A26BH 0071CH COLOR_TEXT             CODE
1A26CH 1A2A6H 0003BH __SETHELPK             CODE
1A2A8H 1A3A5H 000FEH EXACTCMP_TEXT          CODE
1A3A6H 1AB6AH 007C5H NATION_TEXT            CODE
1AB6CH 1AB6CH 00000H SORTBLOC_TEXT          CODE
1AB6CH 1AB9FH 00034H SQUAWK_TEXT            CODE
1ABA0H 1AD05H 00166H APPEXIT_TEXT           CODE
1AD06H 1AD35H 00030H HARDINIT_TEXT          CODE
1AD36H 1AFB5H 00280H UPREF_TEXT             CODE
1AFB6H 1AFE1H 0002CH CLIPINIT$              CODE
1AFE2H 1AFFBH 0001AH SYSINIT                CODE
1AFFCH 1B3C4H 003C9H EVENT_DRIVER_TEXT      CODE
1B3C6H 1B817H 00452H DYNC_TEXT              CODE
1B818H 1BA6FH 00258H ERRSYS0_TEXT           CODE
1BA70H 1BC4CH 001DDH KMAP_TEXT              CODE
1BC4EH 1BE98H 0024BH SUBAL_TEXT             CODE
1BE9AH 1BEFEH 00065H OSMEM_TEXT             CODE
1BF00H 1BF03H 00004H OSME_TEXT              CODE
1BF04H 1BF20H 0001DH INSTD_TEXT             CODE
1BF22H 1C05FH 0013EH DBJUNCT_TEXT           CODE
1C060H 1C075H 00016H EMMALLOC_TEXT          CODE
1C076H 1C095H 00020H EMMCONTX_TEXT          CODE
1C096H 1C0D2H 0003DH EMMCOUNT_TEXT          CODE
1C0D4H 1C0E3H 00010H EMMFREE_TEXT           CODE
1C0E4H 1C113H 00030H EMMINST_TEXT           CODE
1C114H 1C12DH 0001AH EMMMAP_TEXT            CODE
1C12EH 1C146H 00019H EMMPAGE_TEXT           CODE
1C148H 1C15EH 00017H EMMVERS_TEXT           CODE
1C160H 1C233H 000D4H GETENV_TEXT            CODE
1C234H 1C275H 00042H DYNA_TEXT              CODE
1C276H 1C2A5H 00030H ERRORSYS               CODE
1C2A6H 1C4FEH 00259H DEFERROR               CODE
1C500H 1C627H 00128H ERRORMESSA             CODE
1C628H 1C747H 00120H ALLTRIM_TEXT           CODE
1C748H 1C752H 0000BH BEEP_TEXT              CODE
1C753H 1DBF4H 014A2H SCREEN_DRIVER_TEXT     CODE
1DBF5H 1DF73H 0037FH KEYBD_DRIVER_TEXT      CODE
1DF74H 1DF74H 00000H C_ETEXT                ENDCODE
1DF80H 1DF80H 00000H _SYMSTART              SYMSTART
1DF80H 1E04FH 000D0H SYMBOLS                SYMBOLS
1E050H 1E08FH 00040H SYMBOLS                SYMBOLS
1E090H 1E0DFH 00050H SYMBOLS                SYMBOLS
1E0E0H 1E23FH 00160H SYMBOLS                SYMBOLS
1E240H 1E240H 00000H _SYMEND                SYMEND
1E240H 1E240H 00000H _CONST                 CONST
1E240H 1E3E1H 001A2H OPERR                  CONST
1E3E2H 1E3E2H 00000H _MSG                   MSG
1E3E2H 1E3E2H 00000H _BEGBSS                BEGBSS
1E3E2H 1E3E2H 00000H _ENDBSS                ENDBSS
1E3E2H 1E3E2H 00000H DMTB                   DLL
1E3E2H 1E3E9H 00008H DMT                    DLL
1E3EAH 1E3EAH 00000H DMTE                   DLL
1E3F0H 1E43FH 00050H NULL                   BEGDATA
1E440H 20FB0H 02B71H _DATA                  DATA
20FB2H 20FB2H 00000H _SYMPB                 DATA
20FB2H 20FD1H 00020H _SYMP                  DATA
20FD2H 20FD2H 00000H _SYMPE                 DATA
20FD2H 20FD2H 00000H XNCB                   DATA
20FD2H 20FE9H 00018H XNC                    DATA
20FEAH 20FEAH 00000H XNCE                   DATA
20FF0H 21137H 00148H $LIB_TABLE             DATA
21138H 21145H 0000EH CDATA                  DATA
21146H 21146H 00000H XIFB                   DATA
21146H 21146H 00000H XIF                    DATA
21146H 21146H 00000H XIFE                   DATA
21146H 21146H 00000H XIB                    DATA
21146H 21149H 00004H XI                     DATA
2114AH 2114AH 00000H XIE                    DATA
2114AH 2114AH 00000H XPB                    DATA
2114AH 2114AH 00000H XP                     DATA
2114AH 2114AH 00000H XPE                    DATA
2114AH 2114AH 00000H XCB                    DATA
2114AH 2114AH 00000H XC                     DATA
2114AH 2114AH 00000H XCE                    DATA
2114AH 2114AH 00000H XCFB                   DATA
2114AH 2114AH 00000H XCF                    DATA
2114AH 2114AH 00000H XCFE                   DATA
2114AH 2116FH 00026H CONST                  CONST
21170H 21177H 00008H HDR                    MSG
21178H 212EDH 00176H MSG                    MSG
212EEH 21314H 00027H PAD                    MSG
21315H 21315H 00001H EPAD                   MSG
21316H 21389H 00074H _BSS                   BSS
2138AH 2138AH 00000H XOB                    BSS
2138AH 2138AH 00000H XO                     BSS
2138AH 2138AH 00000H XOE                    BSS
21390H 2238FH 01000H STACK                  STACK

Origin   Group
1E3F:0   DGROUP

Program entry point at 049A:0014
