TLIB FUNCKY50 + C_AMAXCH
TLIB FUNCKY50 + C_MAXCHO
TLIB FUNCKY50 + C_MAXVIE
TLIB FUNCKY50 + C_M_DISP
TLIB FUNCKY50 + C_M_PROM
TLIB FUNCKY50 + C_M_QUER
TLIB FUNCKY50 + __mdata
TLIB FUNCKY50 + __mlist
TLIB FUNCKY50 + active
TLIB FUNCKY50 + afileloa
TLIB FUNCKY50 + arraytri
TLIB FUNCKY50 + c_afilei
TLIB FUNCKY50 + c_afiler
TLIB FUNCKY50 + c_afilew
TLIB FUNCKY50 + c_amacpr
TLIB FUNCKY50 + c_aprint
TLIB FUNCKY50 + c_aresto
TLIB FUNCKY50 + c_ccast
TLIB FUNCKY50 + c_csr
TLIB FUNCKY50 + c_ferase
TLIB FUNCKY50 + c_fgetfo
TLIB FUNCKY50 + c_insert
TLIB FUNCKY50 + c_m_apro
TLIB FUNCKY50 + c_m_choi
TLIB FUNCKY50 + c_m_dbfv
TLIB FUNCKY50 + c_m_mess
TLIB FUNCKY50 + c_m_popd
TLIB FUNCKY50 + c_m_popf
TLIB FUNCKY50 + c_m_posi
TLIB FUNCKY50 + c_m_view
TLIB FUNCKY50 + c_makedb
TLIB FUNCKY50 + c_maxdbf
TLIB FUNCKY50 + c_maxdir
TLIB FUNCKY50 + c_maxdri
TLIB FUNCKY50 + c_maxfil
TLIB FUNCKY50 + c_maxgef
TLIB FUNCKY50 + c_maxmov
TLIB FUNCKY50 + c_maxsco
TLIB FUNCKY50 + c_mx_cho
TLIB FUNCKY50 + c_mx_dbf
TLIB FUNCKY50 + c_mx_dir
TLIB FUNCKY50 + c_mx_fil
TLIB FUNCKY50 + c_mx_vie
TLIB FUNCKY50 + c_putkey
TLIB FUNCKY50 + c_readh
TLIB FUNCKY50 + c_reads
TLIB FUNCKY50 + c_sdfwri
TLIB FUNCKY50 + c_setsno
TLIB FUNCKY50 + c_swap
TLIB FUNCKY50 + c_wordwr
TLIB FUNCKY50 + c_wpwrit
TLIB FUNCKY50 + c_writef
TLIB FUNCKY50 + c_wswrit
TLIB FUNCKY50 + colorset
TLIB FUNCKY50 + datetype
TLIB FUNCKY50 + decimals
TLIB FUNCKY50 + default
TLIB FUNCKY50 + delimite
TLIB FUNCKY50 + execute
TLIB FUNCKY50 + f_lupdat
TLIB FUNCKY50 + fkey
TLIB FUNCKY50 + getvar
TLIB FUNCKY50 + initmvar
TLIB FUNCKY50 + isbutton
TLIB FUNCKY50 + isindex
TLIB FUNCKY50 + iskeyset
TLIB FUNCKY50 + m_inbutt
TLIB FUNCKY50 + m_releas
TLIB FUNCKY50 + margin
TLIB FUNCKY50 + nlen
TLIB FUNCKY50 + nstuff
TLIB FUNCKY50 + numgets
TLIB FUNCKY50 + ondo
TLIB FUNCKY50 + path
TLIB FUNCKY50 + relmvars
TLIB FUNCKY50 + replmvar
TLIB FUNCKY50 + restgets
TLIB FUNCKY50 + savegets
TLIB FUNCKY50 + scancode
TLIB FUNCKY50 + status
TLIB FUNCKY50 + strstuff
TLIB FUNCKY50 + waitkey
TLIB FUNCKY50 + xscancod
