File NEW.PRG:
Function Main()
Function Seta( Mode, Line, Col )
Function ArrayIndices()
Function VerIndice()
Function AbreArquivo( cArquivo )
Function EmpErrada( cCodi, cNome, nRow, nCol )
Function CadastraEmpresa()
Function EmpCerto( cCodi )
Function UsuarioErrado( cNome )
Function UsuarioCerto( cNome )
Function AbreUsuario()
Function VerificarUsuario( cNome )
Function CadPermissao( cNome, cEs, cRe, cPa, cCo, cVe, cVn, cUs, cPr, cInc, cDel, cDev, cPag, cRec, cAlt, cEmp, cTro, cFaz, cRes, cCom, cZero, cVista, cCadas, cLimite, cEstorado, cLpt1, cLpt2, cLpt3, cDescMax, cEnt, cFat, cDtRec, cAtra )
Function Permissao( cVariavel )
Function Selecao( nChoice, oBloco )
Function Linha1( Tam, Pagina )
Function Linha2()
Function Linha3( Tam )
Function Linha4( Tam, cSistema )
Function Linha5( Tam )
Function UsaArquivo( cArquivo, cAlias )
Function ArrayArquivos()
Function RetLimite( Data_Limite, lTemDebito )
Function UltRetorno( xCliente )
Function ClienteSci( xCliente )
Function PosicaoDebito( xCliente, lTemDebito, Data_Limite )
Function VerRetorno( cCodigo )
Function Velho()
Function AbreEmpresa()
Function VerZeraTem( cCaixa )
Function MenuIndice()
Function PickTipoVenda( cPick )
Function lPickSimNao( lPick )
Function PickSimNao( cPick )
Function TermProduto( cCodigo )
Function Num( nRow, nValor )
Function SwedaOn()
Function SwedaOff()
Function TiraString( cBuffer )
Function Response_Zanthus( nPorta, cBuffer )
Function Erro_Zanthus( nRetorno )
Function Erro_Iz20( nRetorno )
Function Erro_Iz11( nRetorno )
Function AbreIniFiscal()
Function SnFiscal( nChoice )
Function Bema_VerAliquota( cAliquota )
Function LigaDisp()
Function oSciMenuSci()
Function PickArquivo( cFile, cCuringa, lNovo )
Function aDispSci()
