
 Start         Length     Name                   Class
 0001:00401000 0000976DCH _TEXT                  CODE
 0002:00499000 000031B18H _DATA                  DATA
 0003:004CAB18 000008694H _BSS                   BSS
 0004:00000000 00000009CH _TLS                   TLS


Detailed map of segments
 0001:00000000 0000014F C=CODE    S=_TEXT    G=(none)   M=C:\BORLAND\BCC55\LIB\C0W32.OBJ ACBP=A9
 0001:00000150 00000250 C=CODE    S=_TEXT    G=(none)   M=C:\SCI\PROJETO.OBJ ACBP=A9
 0001:000003A0 00000015 C=CODE    S=_TEXT    G=(none)   M=C:\XHARBOUR-BCC.5.5.1\LIB\LANG.LIB|msgen ACBP=A9
 0001:000003B8 00001BAE C=CODE    S=_TEXT    G=(none)   M=C:\XHARBOUR-BCC.5.5.1\LIB\VM.LIB|arrays ACBP=A9
 0001:00001F68 00003593 C=CODE    S=_TEXT    G=(none)   M=C:\XHARBOUR-BCC.5.5.1\LIB\VM.LIB|arrayshb ACBP=A9
 0001:000054FC 00000499 C=CODE    S=_TEXT    G=(none)   M=C:\XHARBOUR-BCC.5.5.1\LIB\VM.LIB|asort ACBP=A9
 0001:00005998 00000018 C=CODE    S=_TEXT    G=(none)   M=C:\XHARBOUR-BCC.5.5.1\LIB\VM.LIB|break ACBP=A9
 0001:000059B0 0000529E C=CODE    S=_TEXT    G=(none)   M=C:\XHARBOUR-BCC.5.5.1\LIB\VM.LIB|classes ACBP=A9
 0001:0000AC50 00000600 C=CODE    S=_TEXT    G=(none)   M=C:\XHARBOUR-BCC.5.5.1\LIB\VM.LIB|cmdarg ACBP=A9
 0001:0000B250 000002DD C=CODE    S=_TEXT    G=(none)   M=C:\XHARBOUR-BCC.5.5.1\LIB\VM.LIB|codebloc ACBP=A9
 0001:0000B530 00000754 C=CODE    S=_TEXT    G=(none)   M=C:\XHARBOUR-BCC.5.5.1\LIB\VM.LIB|dynsym ACBP=A9
 0001:0000BC84 00001E41 C=CODE    S=_TEXT    G=(none)   M=C:\XHARBOUR-BCC.5.5.1\LIB\VM.LIB|errorapi ACBP=A9
 0001:0000DAC8 00000AF8 C=CODE    S=_TEXT    G=(none)   M=C:\XHARBOUR-BCC.5.5.1\LIB\VM.LIB|estack ACBP=A9
 0001:0000E5C0 00000A87 C=CODE    S=_TEXT    G=(none)   M=C:\XHARBOUR-BCC.5.5.1\LIB\VM.LIB|eval ACBP=A9
 0001:0000F048 00001AAE C=CODE    S=_TEXT    G=(none)   M=C:\XHARBOUR-BCC.5.5.1\LIB\VM.LIB|extend ACBP=A9
 0001:00010AF8 000003F3 C=CODE    S=_TEXT    G=(none)   M=C:\XHARBOUR-BCC.5.5.1\LIB\VM.LIB|fm ACBP=A9
 0001:00010EEC 00000EE9 C=CODE    S=_TEXT    G=(none)   M=C:\XHARBOUR-BCC.5.5.1\LIB\VM.LIB|garbage ACBP=A9
 0001:00011DD8 0000353D C=CODE    S=_TEXT    G=(none)   M=C:\XHARBOUR-BCC.5.5.1\LIB\VM.LIB|hash ACBP=A9
 0001:00015318 000010D4 C=CODE    S=_TEXT    G=(none)   M=C:\XHARBOUR-BCC.5.5.1\LIB\VM.LIB|hbi18n ACBP=A9
 0001:000163EC 00012C8F C=CODE    S=_TEXT    G=(none)   M=C:\XHARBOUR-BCC.5.5.1\LIB\VM.LIB|hvm ACBP=A9
 0001:0002907C 00000033 C=CODE    S=_TEXT    G=(none)   M=C:\XHARBOUR-BCC.5.5.1\LIB\VM.LIB|initexit ACBP=A9
 0001:000290B0 0000001D C=CODE    S=_TEXT    G=(none)   M=C:\XHARBOUR-BCC.5.5.1\LIB\VM.LIB|initsymb ACBP=A9
 0001:000290D0 00001F21 C=CODE    S=_TEXT    G=(none)   M=C:\XHARBOUR-BCC.5.5.1\LIB\VM.LIB|itemapi ACBP=A9
 0001:0002AFF4 00000973 C=CODE    S=_TEXT    G=(none)   M=C:\XHARBOUR-BCC.5.5.1\LIB\VM.LIB|fastitem ACBP=A9
 0001:0002B968 00001C50 C=CODE    S=_TEXT    G=(none)   M=C:\XHARBOUR-BCC.5.5.1\LIB\VM.LIB|macro ACBP=A9
 0001:0002D5B8 00001DC8 C=CODE    S=_TEXT    G=(none)   M=C:\XHARBOUR-BCC.5.5.1\LIB\VM.LIB|memvars ACBP=A9
 0001:0002F380 0000002F C=CODE    S=_TEXT    G=(none)   M=C:\XHARBOUR-BCC.5.5.1\LIB\VM.LIB|pcount ACBP=A9
 0001:0002F3B0 00000341 C=CODE    S=_TEXT    G=(none)   M=C:\XHARBOUR-BCC.5.5.1\LIB\VM.LIB|proc ACBP=A9
 0001:0002F6F4 00000079 C=CODE    S=_TEXT    G=(none)   M=C:\XHARBOUR-BCC.5.5.1\LIB\VM.LIB|throw ACBP=A9
 0001:0002F770 00000129 C=CODE    S=_TEXT    G=(none)   M=C:\XHARBOUR-BCC.5.5.1\LIB\VM.LIB|harbinit ACBP=A9
 0001:0002F89C 00000117 C=CODE    S=_TEXT    G=(none)   M=C:\XHARBOUR-BCC.5.5.1\LIB\VM.LIB|mainwin ACBP=A9
 0001:0002F9B4 00000160 C=CODE    S=_TEXT    G=(none)   M=C:\XHARBOUR-BCC.5.5.1\LIB\RTL.LIB|abs ACBP=A9
 0001:0002FB14 000002BA C=CODE    S=_TEXT    G=(none)   M=C:\XHARBOUR-BCC.5.5.1\LIB\RTL.LIB|at ACBP=A9
 0001:0002FDD0 000005EC C=CODE    S=_TEXT    G=(none)   M=C:\XHARBOUR-BCC.5.5.1\LIB\RTL.LIB|bkgtsks ACBP=A9
 0001:000303BC 00000275 C=CODE    S=_TEXT    G=(none)   M=C:\XHARBOUR-BCC.5.5.1\LIB\RTL.LIB|box ACBP=A9
 0001:00030634 00001E82 C=CODE    S=_TEXT    G=(none)   M=C:\XHARBOUR-BCC.5.5.1\LIB\RTL.LIB|cdpapi ACBP=A9
 0001:000324B8 000000A9 C=CODE    S=_TEXT    G=(none)   M=C:\XHARBOUR-BCC.5.5.1\LIB\RTL.LIB|chrasc ACBP=A9
 0001:00032564 000000B6 C=CODE    S=_TEXT    G=(none)   M=C:\XHARBOUR-BCC.5.5.1\LIB\RTL.LIB|colorind ACBP=A9
 0001:0003261C 00000AAB C=CODE    S=_TEXT    G=(none)   M=C:\XHARBOUR-BCC.5.5.1\LIB\RTL.LIB|console ACBP=A9
 0001:000330C8 00000133 C=CODE    S=_TEXT    G=(none)   M=C:\XHARBOUR-BCC.5.5.1\LIB\RTL.LIB|datec ACBP=A9
 0001:000331FC 00000E6C C=CODE    S=_TEXT    G=(none)   M=C:\XHARBOUR-BCC.5.5.1\LIB\RTL.LIB|dateshb ACBP=A9
 0001:00034068 0000023D C=CODE    S=_TEXT    G=(none)   M=C:\XHARBOUR-BCC.5.5.1\LIB\RTL.LIB|dirdrive ACBP=A9
 0001:000342A8 000001A0 C=CODE    S=_TEXT    G=(none)   M=C:\XHARBOUR-BCC.5.5.1\LIB\RTL.LIB|diskspac ACBP=A9
 0001:00034448 000001A0 C=CODE    S=_TEXT    G=(none)   M=C:\XHARBOUR-BCC.5.5.1\LIB\RTL.LIB|empty ACBP=A9
 0001:000345E8 00000141 C=CODE    S=_TEXT    G=(none)   M=C:\XHARBOUR-BCC.5.5.1\LIB\RTL.LIB|file ACBP=A9
 0001:0003472C 000007AA C=CODE    S=_TEXT    G=(none)   M=C:\XHARBOUR-BCC.5.5.1\LIB\RTL.LIB|filebuf ACBP=A9
 0001:00034ED8 00000076 C=CODE    S=_TEXT    G=(none)   M=C:\XHARBOUR-BCC.5.5.1\LIB\RTL.LIB|filehb ACBP=A9
 0001:00034F50 00001AE3 C=CODE    S=_TEXT    G=(none)   M=C:\XHARBOUR-BCC.5.5.1\LIB\RTL.LIB|filesys ACBP=A9
 0001:00036A34 000000CE C=CODE    S=_TEXT    G=(none)   M=C:\XHARBOUR-BCC.5.5.1\LIB\RTL.LIB|fserror ACBP=A9
 0001:00036B04 000000CC C=CODE    S=_TEXT    G=(none)   M=C:\XHARBOUR-BCC.5.5.1\LIB\RTL.LIB|fnsplit ACBP=A9
 0001:00036BD0 00000896 C=CODE    S=_TEXT    G=(none)   M=C:\XHARBOUR-BCC.5.5.1\LIB\RTL.LIB|fparse ACBP=A9
 0001:00037468 000000F7 C=CODE    S=_TEXT    G=(none)   M=C:\XHARBOUR-BCC.5.5.1\LIB\RTL.LIB|fssize ACBP=A9
 0001:00037560 0000030E C=CODE    S=_TEXT    G=(none)   M=C:\XHARBOUR-BCC.5.5.1\LIB\RTL.LIB|fstemp ACBP=A9
 0001:00037870 00000028 C=CODE    S=_TEXT    G=(none)   M=C:\XHARBOUR-BCC.5.5.1\LIB\RTL.LIB|gt ACBP=A9
 0001:00037898 00000ED9 C=CODE    S=_TEXT    G=(none)   M=C:\XHARBOUR-BCC.5.5.1\LIB\RTL.LIB|gtapi ACBP=A9
 0001:00038774 000001F4 C=CODE    S=_TEXT    G=(none)   M=C:\XHARBOUR-BCC.5.5.1\LIB\RTL.LIB|gtclip ACBP=A9
 0001:00038968 0000041B C=CODE    S=_TEXT    G=(none)   M=C:\XHARBOUR-BCC.5.5.1\LIB\RTL.LIB|gtfunc ACBP=A9
 0001:00038D84 0000016B C=CODE    S=_TEXT    G=(none)   M=C:\XHARBOUR-BCC.5.5.1\LIB\RTL.LIB|gtkbstat ACBP=A9
 0001:00038EF0 00000255 C=CODE    S=_TEXT    G=(none)   M=C:\XHARBOUR-BCC.5.5.1\LIB\RTL.LIB|gttone ACBP=A9
 0001:00039148 00000005 C=CODE    S=_TEXT    G=(none)   M=C:\XHARBOUR-BCC.5.5.1\LIB\RTL.LIB|gtsys ACBP=A9
 0001:00039150 000000A9 C=CODE    S=_TEXT    G=(none)   M=C:\XHARBOUR-BCC.5.5.1\LIB\RTL.LIB|gx ACBP=A9
 0001:000391FC 000003E0 C=CODE    S=_TEXT    G=(none)   M=C:\XHARBOUR-BCC.5.5.1\LIB\RTL.LIB|hbbitf ACBP=A9
 0001:000395DC 000007D9 C=CODE    S=_TEXT    G=(none)   M=C:\XHARBOUR-BCC.5.5.1\LIB\RTL.LIB|hbffind ACBP=A9
 0001:00039DB8 00003B26 C=CODE    S=_TEXT    G=(none)   M=C:\XHARBOUR-BCC.5.5.1\LIB\RTL.LIB|hbgtcore ACBP=A9
 0001:0003D8E0 0000044A C=CODE    S=_TEXT    G=(none)   M=C:\XHARBOUR-BCC.5.5.1\LIB\RTL.LIB|hbhex2n ACBP=A9
 0001:0003DD2C 0000026B C=CODE    S=_TEXT    G=(none)   M=C:\XHARBOUR-BCC.5.5.1\LIB\RTL.LIB|hbrandom ACBP=A9
 0001:0003DF98 0000071A C=CODE    S=_TEXT    G=(none)   M=C:\XHARBOUR-BCC.5.5.1\LIB\RTL.LIB|hbserv ACBP=A9
 0001:0003E6B4 000008E8 C=CODE    S=_TEXT    G=(none)   M=C:\XHARBOUR-BCC.5.5.1\LIB\RTL.LIB|hbtoken ACBP=A9
 0001:0003EF9C 00000420 C=CODE    S=_TEXT    G=(none)   M=C:\XHARBOUR-BCC.5.5.1\LIB\RTL.LIB|idle ACBP=A9
 0001:0003F3BC 0000047A C=CODE    S=_TEXT    G=(none)   M=C:\XHARBOUR-BCC.5.5.1\LIB\RTL.LIB|inkey ACBP=A9
 0001:0003F838 0000010F C=CODE    S=_TEXT    G=(none)   M=C:\XHARBOUR-BCC.5.5.1\LIB\RTL.LIB|inkeyapi ACBP=A9
 0001:0003F948 0000034C C=CODE    S=_TEXT    G=(none)   M=C:\XHARBOUR-BCC.5.5.1\LIB\RTL.LIB|is ACBP=A9
 0001:0003FC94 00000264 C=CODE    S=_TEXT    G=(none)   M=C:\XHARBOUR-BCC.5.5.1\LIB\RTL.LIB|langapi ACBP=A9
 0001:0003FEF8 000000B3 C=CODE    S=_TEXT    G=(none)   M=C:\XHARBOUR-BCC.5.5.1\LIB\RTL.LIB|left ACBP=A9
 0001:0003FFAC 0000006E C=CODE    S=_TEXT    G=(none)   M=C:\XHARBOUR-BCC.5.5.1\LIB\RTL.LIB|len ACBP=A9
 0001:0004001C 00000997 C=CODE    S=_TEXT    G=(none)   M=C:\XHARBOUR-BCC.5.5.1\LIB\RTL.LIB|math ACBP=A9
 0001:000409B4 00000140 C=CODE    S=_TEXT    G=(none)   M=C:\XHARBOUR-BCC.5.5.1\LIB\RTL.LIB|maxrow ACBP=A9
 0001:00040AF4 000004BA C=CODE    S=_TEXT    G=(none)   M=C:\XHARBOUR-BCC.5.5.1\LIB\RTL.LIB|minmax ACBP=A9
 0001:00040FB0 00000280 C=CODE    S=_TEXT    G=(none)   M=C:\XHARBOUR-BCC.5.5.1\LIB\RTL.LIB|mouseapi ACBP=A9
 0001:00041230 00000271 C=CODE    S=_TEXT    G=(none)   M=C:\XHARBOUR-BCC.5.5.1\LIB\RTL.LIB|mouse53 ACBP=A9
 0001:000414A4 0000015D C=CODE    S=_TEXT    G=(none)   M=C:\XHARBOUR-BCC.5.5.1\LIB\RTL.LIB|natmsg ACBP=A9
 0001:00041604 00000052 C=CODE    S=_TEXT    G=(none)   M=C:\XHARBOUR-BCC.5.5.1\LIB\RTL.LIB|net ACBP=A9
 0001:00041658 00000114 C=CODE    S=_TEXT    G=(none)   M=C:\XHARBOUR-BCC.5.5.1\LIB\RTL.LIB|padc ACBP=A9
 0001:0004176C 000000E7 C=CODE    S=_TEXT    G=(none)   M=C:\XHARBOUR-BCC.5.5.1\LIB\RTL.LIB|padl ACBP=A9
 0001:00041854 000000DF C=CODE    S=_TEXT    G=(none)   M=C:\XHARBOUR-BCC.5.5.1\LIB\RTL.LIB|padr ACBP=A9
 0001:00041934 00000BFA C=CODE    S=_TEXT    G=(none)   M=C:\XHARBOUR-BCC.5.5.1\LIB\RTL.LIB|philes ACBP=A9
 0001:00042530 000000E4 C=CODE    S=_TEXT    G=(none)   M=C:\XHARBOUR-BCC.5.5.1\LIB\RTL.LIB|rat ACBP=A9
 0001:00042614 000010C3 C=CODE    S=_TEXT    G=(none)   M=C:\XHARBOUR-BCC.5.5.1\LIB\RTL.LIB|regex ACBP=A9
 0001:000436D8 00000130 C=CODE    S=_TEXT    G=(none)   M=C:\XHARBOUR-BCC.5.5.1\LIB\RTL.LIB|replic ACBP=A9
 0001:00043808 00000127 C=CODE    S=_TEXT    G=(none)   M=C:\XHARBOUR-BCC.5.5.1\LIB\RTL.LIB|round ACBP=A9
 0001:00043930 000001E0 C=CODE    S=_TEXT    G=(none)   M=C:\XHARBOUR-BCC.5.5.1\LIB\RTL.LIB|samples ACBP=A9
 0001:00043B10 000001BA C=CODE    S=_TEXT    G=(none)   M=C:\XHARBOUR-BCC.5.5.1\LIB\RTL.LIB|saverest ACBP=A9
 0001:00043CCC 00000283 C=CODE    S=_TEXT    G=(none)   M=C:\XHARBOUR-BCC.5.5.1\LIB\RTL.LIB|scroll ACBP=A9
 0001:00043F50 0000029D C=CODE    S=_TEXT    G=(none)   M=C:\XHARBOUR-BCC.5.5.1\LIB\RTL.LIB|seconds ACBP=A9
 0001:000441F0 00004343 C=CODE    S=_TEXT    G=(none)   M=C:\XHARBOUR-BCC.5.5.1\LIB\RTL.LIB|set ACBP=A9
 0001:00048534 00000128 C=CODE    S=_TEXT    G=(none)   M=C:\XHARBOUR-BCC.5.5.1\LIB\RTL.LIB|setcolor ACBP=A9
 0001:0004865C 00000061 C=CODE    S=_TEXT    G=(none)   M=C:\XHARBOUR-BCC.5.5.1\LIB\RTL.LIB|setcurs ACBP=A9
 0001:000486C0 000005AF C=CODE    S=_TEXT    G=(none)   M=C:\XHARBOUR-BCC.5.5.1\LIB\RTL.LIB|setkey ACBP=A9
 0001:00048C70 00000083 C=CODE    S=_TEXT    G=(none)   M=C:\XHARBOUR-BCC.5.5.1\LIB\RTL.LIB|setpos ACBP=A9
 0001:00048CF4 0000002A C=CODE    S=_TEXT    G=(none)   M=C:\XHARBOUR-BCC.5.5.1\LIB\RTL.LIB|setposbs ACBP=A9
 0001:00048D20 00000078 C=CODE    S=_TEXT    G=(none)   M=C:\XHARBOUR-BCC.5.5.1\LIB\RTL.LIB|space ACBP=A9
 0001:00048D98 000001F6 C=CODE    S=_TEXT    G=(none)   M=C:\XHARBOUR-BCC.5.5.1\LIB\RTL.LIB|spfiles ACBP=A9
 0001:00048F90 00000199 C=CODE    S=_TEXT    G=(none)   M=C:\XHARBOUR-BCC.5.5.1\LIB\RTL.LIB|str ACBP=A9
 0001:0004912C 0000030A C=CODE    S=_TEXT    G=(none)   M=C:\XHARBOUR-BCC.5.5.1\LIB\RTL.LIB|strcase ACBP=A9
 0001:00049438 00000119 C=CODE    S=_TEXT    G=(none)   M=C:\XHARBOUR-BCC.5.5.1\LIB\RTL.LIB|strdel ACBP=A9
 0001:00049554 00000032 C=CODE    S=_TEXT    G=(none)   M=C:\XHARBOUR-BCC.5.5.1\LIB\RTL.LIB|strings ACBP=A9
 0001:00049588 0000064D C=CODE    S=_TEXT    G=(none)   M=C:\XHARBOUR-BCC.5.5.1\LIB\RTL.LIB|strmatch ACBP=A9
 0001:00049BD8 000002BF C=CODE    S=_TEXT    G=(none)   M=C:\XHARBOUR-BCC.5.5.1\LIB\RTL.LIB|strtran ACBP=A9
 0001:00049E98 0000015E C=CODE    S=_TEXT    G=(none)   M=C:\XHARBOUR-BCC.5.5.1\LIB\RTL.LIB|stuff ACBP=A9
 0001:00049FF8 00000129 C=CODE    S=_TEXT    G=(none)   M=C:\XHARBOUR-BCC.5.5.1\LIB\RTL.LIB|substr ACBP=A9
 0001:0004A124 0000101F C=CODE    S=_TEXT    G=(none)   M=C:\XHARBOUR-BCC.5.5.1\LIB\RTL.LIB|tprinter ACBP=A9
 0001:0004B144 0000017E C=CODE    S=_TEXT    G=(none)   M=C:\XHARBOUR-BCC.5.5.1\LIB\RTL.LIB|trace ACBP=A9
 0001:0004B2C4 00001720 C=CODE    S=_TEXT    G=(none)   M=C:\XHARBOUR-BCC.5.5.1\LIB\RTL.LIB|transfrm ACBP=A9
 0001:0004C9E4 00000224 C=CODE    S=_TEXT    G=(none)   M=C:\XHARBOUR-BCC.5.5.1\LIB\RTL.LIB|trim ACBP=A9
 0001:0004CC08 00000069 C=CODE    S=_TEXT    G=(none)   M=C:\XHARBOUR-BCC.5.5.1\LIB\RTL.LIB|type ACBP=A9
 0001:0004CC74 0000008F C=CODE    S=_TEXT    G=(none)   M=C:\XHARBOUR-BCC.5.5.1\LIB\RTL.LIB|val ACBP=A9
 0001:0004CD04 00000331 C=CODE    S=_TEXT    G=(none)   M=C:\XHARBOUR-BCC.5.5.1\LIB\RTL.LIB|valtype ACBP=A9
 0001:0004D038 0000036F C=CODE    S=_TEXT    G=(none)   M=C:\XHARBOUR-BCC.5.5.1\LIB\RTL.LIB|version ACBP=A9
 0001:0004D3A8 00000047 C=CODE    S=_TEXT    G=(none)   M=C:\XHARBOUR-BCC.5.5.1\LIB\RTL.LIB|word ACBP=A9
 0001:0004D3F0 0000005A C=CODE    S=_TEXT    G=(none)   M=C:\XHARBOUR-BCC.5.5.1\LIB\RTL.LIB|xhelp ACBP=A9
 0001:0004D44C 000000F4 C=CODE    S=_TEXT    G=(none)   M=C:\XHARBOUR-BCC.5.5.1\LIB\RTL.LIB|xsavescr ACBP=A9
 0001:0004D540 0000008D C=CODE    S=_TEXT    G=(none)   M=C:\XHARBOUR-BCC.5.5.1\LIB\RTL.LIB|alert ACBP=A9
 0001:0004D5D0 00000195 C=CODE    S=_TEXT    G=(none)   M=C:\XHARBOUR-BCC.5.5.1\LIB\RTL.LIB|color53 ACBP=A9
 0001:0004D768 000000D5 C=CODE    S=_TEXT    G=(none)   M=C:\XHARBOUR-BCC.5.5.1\LIB\RTL.LIB|cstr ACBP=A9
 0001:0004D840 00000221 C=CODE    S=_TEXT    G=(none)   M=C:\XHARBOUR-BCC.5.5.1\LIB\RTL.LIB|errorsys ACBP=A9
 0001:0004DA64 000000A5 C=CODE    S=_TEXT    G=(none)   M=C:\XHARBOUR-BCC.5.5.1\LIB\RTL.LIB|getlist ACBP=A9
 0001:0004DB0C 0000026D C=CODE    S=_TEXT    G=(none)   M=C:\XHARBOUR-BCC.5.5.1\LIB\RTL.LIB|getsys ACBP=A9
 0001:0004DD7C 0000005D C=CODE    S=_TEXT    G=(none)   M=C:\XHARBOUR-BCC.5.5.1\LIB\RTL.LIB|memvarbl ACBP=A9
 0001:0004DDDC 000000A5 C=CODE    S=_TEXT    G=(none)   M=C:\XHARBOUR-BCC.5.5.1\LIB\RTL.LIB|menuto ACBP=A9
 0001:0004DE84 00000135 C=CODE    S=_TEXT    G=(none)   M=C:\XHARBOUR-BCC.5.5.1\LIB\RTL.LIB|mssgline ACBP=A9
 0001:0004DFBC 0000023D C=CODE    S=_TEXT    G=(none)   M=C:\XHARBOUR-BCC.5.5.1\LIB\RTL.LIB|objfunc ACBP=A9
 0001:0004E1FC 00000075 C=CODE    S=_TEXT    G=(none)   M=C:\XHARBOUR-BCC.5.5.1\LIB\RTL.LIB|readvar ACBP=A9
 0001:0004E274 00000105 C=CODE    S=_TEXT    G=(none)   M=C:\XHARBOUR-BCC.5.5.1\LIB\RTL.LIB|tbcolumn ACBP=A9
 0001:0004E37C 000007B0 C=CODE    S=_TEXT    G=(none)   M=C:\XHARBOUR-BCC.5.5.1\LIB\RTL.LIB|tbrowse ACBP=A9
 0001:0004EB2C 0000026D C=CODE    S=_TEXT    G=(none)   M=C:\XHARBOUR-BCC.5.5.1\LIB\RTL.LIB|tclass ACBP=A9
 0001:0004ED9C 00000498 C=CODE    S=_TEXT    G=(none)   M=C:\XHARBOUR-BCC.5.5.1\LIB\RTL.LIB|tget ACBP=A9
 0001:0004F234 0000008D C=CODE    S=_TEXT    G=(none)   M=C:\XHARBOUR-BCC.5.5.1\LIB\RTL.LIB|tgetint ACBP=A9
 0001:0004F2C4 000002D0 C=CODE    S=_TEXT    G=(none)   M=C:\XHARBOUR-BCC.5.5.1\LIB\RTL.LIB|tgetlist ACBP=A9
 0001:0004F594 000001E1 C=CODE    S=_TEXT    G=(none)   M=C:\XHARBOUR-BCC.5.5.1\LIB\RTL.LIB|tobject ACBP=A9
 0001:0004F778 00000075 C=CODE    S=_TEXT    G=(none)   M=C:\XHARBOUR-BCC.5.5.1\LIB\RTL.LIB|traceprg ACBP=A9
 0001:0004F7F0 000033B0 C=CODE    S=_TEXT    G=(none)   M=C:\XHARBOUR-BCC.5.5.1\LIB\RDD.LIB|dbcmd ACBP=A9
 0001:00052BA0 0000235F C=CODE    S=_TEXT    G=(none)   M=C:\XHARBOUR-BCC.5.5.1\LIB\RDD.LIB|workarea ACBP=A9
 0001:00054F00 000007D1 C=CODE    S=_TEXT    G=(none)   M=C:\XHARBOUR-BCC.5.5.1\LIB\RDD.LIB|wacore ACBP=A9
 0001:000556D4 00001470 C=CODE    S=_TEXT    G=(none)   M=C:\XHARBOUR-BCC.5.5.1\LIB\RDD.LIB|wafunc ACBP=A9
 0001:00056B44 00008094 C=CODE    S=_TEXT    G=(none)   M=C:\XHARBOUR-BCC.5.5.1\LIB\RDD.LIB|dbf1 ACBP=A9
 0001:0005EBD8 00000670 C=CODE    S=_TEXT    G=(none)   M=C:\XHARBOUR-BCC.5.5.1\LIB\RDD.LIB|hbdbsort ACBP=A9
 0001:0005F248 00000105 C=CODE    S=_TEXT    G=(none)   M=C:\XHARBOUR-BCC.5.5.1\LIB\RDD.LIB|rddord ACBP=A9
 0001:0005F350 0000005D C=CODE    S=_TEXT    G=(none)   M=C:\XHARBOUR-BCC.5.5.1\LIB\RDD.LIB|rddsys ACBP=A9
 0001:0005F3B0 00002770 C=CODE    S=_TEXT    G=(none)   M=C:\XHARBOUR-BCC.5.5.1\LIB\MACRO.LIB|macroy ACBP=A9
 0001:00061B20 0000031E C=CODE    S=_TEXT    G=(none)   M=C:\XHARBOUR-BCC.5.5.1\LIB\MACRO.LIB|macroa ACBP=A9
 0001:00061E40 00005A3B C=CODE    S=_TEXT    G=(none)   M=C:\XHARBOUR-BCC.5.5.1\LIB\MACRO.LIB|macrob ACBP=A9
 0001:0006787C 000007FF C=CODE    S=_TEXT    G=(none)   M=C:\XHARBOUR-BCC.5.5.1\LIB\MACRO.LIB|macroc ACBP=A9
 0001:0006807C 000020F5 C=CODE    S=_TEXT    G=(none)   M=C:\XHARBOUR-BCC.5.5.1\LIB\MACRO.LIB|macroslx ACBP=A9
 0001:0006A174 0000A8FC C=CODE    S=_TEXT    G=(none)   M=C:\XHARBOUR-BCC.5.5.1\LIB\DBFNTX.LIB|dbfntx1 ACBP=A9
 0001:00074A70 00007271 C=CODE    S=_TEXT    G=(none)   M=C:\XHARBOUR-BCC.5.5.1\LIB\DBFFPT.LIB|dbffpt1 ACBP=A9
 0001:0007BCE4 00000039 C=CODE    S=_TEXT    G=(none)   M=C:\XHARBOUR-BCC.5.5.1\LIB\COMMON.LIB|hbfopen ACBP=A9
 0001:0007BD20 000003D4 C=CODE    S=_TEXT    G=(none)   M=C:\XHARBOUR-BCC.5.5.1\LIB\COMMON.LIB|hbfsapi ACBP=A9
 0001:0007C0F4 00000033 C=CODE    S=_TEXT    G=(none)   M=C:\XHARBOUR-BCC.5.5.1\LIB\COMMON.LIB|hbgete ACBP=A9
 0001:0007C128 00000F0D C=CODE    S=_TEXT    G=(none)   M=C:\XHARBOUR-BCC.5.5.1\LIB\COMMON.LIB|hbstr ACBP=A9
 0001:0007D038 0000021E C=CODE    S=_TEXT    G=(none)   M=C:\XHARBOUR-BCC.5.5.1\LIB\COMMON.LIB|hbtrace ACBP=A9
 0001:0007D258 00000D87 C=CODE    S=_TEXT    G=(none)   M=C:\XHARBOUR-BCC.5.5.1\LIB\COMMON.LIB|hbver ACBP=A9
 0001:0007DFE0 00000A48 C=CODE    S=_TEXT    G=(none)   M=C:\XHARBOUR-BCC.5.5.1\LIB\COMMON.LIB|expropt1 ACBP=A9
 0001:0007EA28 00001197 C=CODE    S=_TEXT    G=(none)   M=C:\XHARBOUR-BCC.5.5.1\LIB\COMMON.LIB|expropt2 ACBP=A9
 0001:0007FBC0 0000005A C=CODE    S=_TEXT    G=(none)   M=C:\XHARBOUR-BCC.5.5.1\LIB\COMMON.LIB|reserved ACBP=A9
 0001:0007FC1C 00001677 C=CODE    S=_TEXT    G=(none)   M=C:\XHARBOUR-BCC.5.5.1\LIB\COMMON.LIB|hbdate ACBP=A9
 0001:00081294 0000015E C=CODE    S=_TEXT    G=(none)   M=C:\XHARBOUR-BCC.5.5.1\LIB\COMMON.LIB|hbwince ACBP=A9
 0001:000813F4 00001A7C C=CODE    S=_TEXT    G=(none)   M=C:\XHARBOUR-BCC.5.5.1\LIB\GTWIN.LIB|gtwin ACBP=A9
 0001:00082E70 000052A9 C=CODE    S=_TEXT    G=(none)   M=C:\XHARBOUR-BCC.5.5.1\LIB\PCREPOS.LIB|pcre_compile ACBP=A9
 0001:0008811C 000036EF C=CODE    S=_TEXT    G=(none)   M=C:\XHARBOUR-BCC.5.5.1\LIB\PCREPOS.LIB|pcre_exec ACBP=A9
 0001:0008B80C 0000007B C=CODE    S=_TEXT    G=(none)   M=C:\XHARBOUR-BCC.5.5.1\LIB\PCREPOS.LIB|pcre_info ACBP=A9
 0001:0008B888 000001A5 C=CODE    S=_TEXT    G=(none)   M=C:\XHARBOUR-BCC.5.5.1\LIB\PCREPOS.LIB|pcre_newline ACBP=A9
 0001:0008BA30 00000189 C=CODE    S=_TEXT    G=(none)   M=C:\XHARBOUR-BCC.5.5.1\LIB\PCREPOS.LIB|pcre_try_flipped ACBP=A9
 0001:0008BBBC 0000038A C=CODE    S=_TEXT    G=(none)   M=C:\XHARBOUR-BCC.5.5.1\LIB\PCREPOS.LIB|pcreposix ACBP=A9
 0001:0008BF48 00000375 C=CODE    S=_TEXT    G=(none)   M=C:\XHARBOUR-BCC.5.5.1\LIB\HBSIX.LIB|sxcrypt ACBP=A9
 0001:0008C2C0 000000ED C=CODE    S=_TEXT    G=(none)   M=C:\XHARBOUR-BCC.5.5.1\LIB\HBSIX.LIB|sxdate ACBP=A9
 0001:0008C3B0 0000002B C=CODE    S=_TEXT    G=(none)   M=C:\BORLAND\BCC55\LIB\CW32.LIB|calloc ACBP=A9
 0001:0008C3DC 0000000F C=CODE    S=_TEXT    G=(none)   M=C:\BORLAND\BCC55\LIB\CW32.LIB|del ACBP=A9
 0001:0008C3EC 0000000F C=CODE    S=_TEXT    G=(none)   M=C:\BORLAND\BCC55\LIB\CW32.LIB|delarray ACBP=A9
 0001:0008C3FC 00000111 C=CODE    S=_TEXT    G=(none)   M=C:\BORLAND\BCC55\LIB\CW32.LIB|virtmem ACBP=A9
 0001:0008C510 0000009F C=CODE    S=_TEXT    G=(none)   M=C:\BORLAND\BCC55\LIB\CW32.LIB|hrdir_b ACBP=A9
 0001:0008C5B0 00000020 C=CODE    S=_TEXT    G=(none)   M=C:\BORLAND\BCC55\LIB\CW32.LIB|hrdir_mf ACBP=A9
 0001:0008C5D0 00000016 C=CODE    S=_TEXT    G=(none)   M=C:\BORLAND\BCC55\LIB\CW32.LIB|hrdir_r ACBP=A9
 0001:0008C5E8 000000B8 C=CODE    S=_TEXT    G=(none)   M=C:\BORLAND\BCC55\LIB\CW32.LIB|hrdir_s ACBP=A9
 0001:0008C6A0 00000001 C=CODE    S=_TEXT    G=(none)   M=C:\BORLAND\BCC55\LIB\CW32.LIB|hrdir_us ACBP=A9
 0001:0008C6A4 000009CC C=CODE    S=_TEXT    G=(none)   M=C:\BORLAND\BCC55\LIB\CW32.LIB|heap ACBP=A9
 0001:0008D070 00000292 C=CODE    S=_TEXT    G=(none)   M=C:\BORLAND\BCC55\LIB\CW32.LIB|realloc ACBP=A9
 0001:0008D304 00000001 C=CODE    S=_TEXT    G=(none)   M=C:\BORLAND\BCC55\LIB\CW32.LIB|crtlst_i ACBP=A9
 0001:0008D308 00000001 C=CODE    S=_TEXT    G=(none)   M=C:\BORLAND\BCC55\LIB\CW32.LIB|crtlst_l ACBP=A9
 0001:0008D30C 0000001E C=CODE    S=_TEXT    G=(none)   M=C:\BORLAND\BCC55\LIB\CW32.LIB|memchr ACBP=A9
 0001:0008D32C 00000024 C=CODE    S=_TEXT    G=(none)   M=C:\BORLAND\BCC55\LIB\CW32.LIB|memcpy ACBP=A9
 0001:0008D350 0000004A C=CODE    S=_TEXT    G=(none)   M=C:\BORLAND\BCC55\LIB\CW32.LIB|memmove ACBP=A9
 0001:0008D39C 0000008A C=CODE    S=_TEXT    G=(none)   M=C:\BORLAND\BCC55\LIB\CW32.LIB|memset ACBP=A9
 0001:0008D428 00000018 C=CODE    S=_TEXT    G=(none)   M=C:\BORLAND\BCC55\LIB\CW32.LIB|wmemset ACBP=A9
 0001:0008D440 0000003C C=CODE    S=_TEXT    G=(none)   M=C:\BORLAND\BCC55\LIB\CW32.LIB|strcat ACBP=A9
 0001:0008D47C 00000053 C=CODE    S=_TEXT    G=(none)   M=C:\BORLAND\BCC55\LIB\CW32.LIB|strchr ACBP=A9
 0001:0008D4D0 0000004B C=CODE    S=_TEXT    G=(none)   M=C:\BORLAND\BCC55\LIB\CW32.LIB|strcmp ACBP=A9
 0001:0008D51C 0000002F C=CODE    S=_TEXT    G=(none)   M=C:\BORLAND\BCC55\LIB\CW32.LIB|strcpy ACBP=A9
 0001:0008D54C 0000005A C=CODE    S=_TEXT    G=(none)   M=C:\BORLAND\BCC55\LIB\CW32.LIB|strlen ACBP=A9
 0001:0008D5A8 0000006E C=CODE    S=_TEXT    G=(none)   M=C:\BORLAND\BCC55\LIB\CW32.LIB|strncat ACBP=A9
 0001:0008D618 00000027 C=CODE    S=_TEXT    G=(none)   M=C:\BORLAND\BCC55\LIB\CW32.LIB|strncmp ACBP=A9
 0001:0008D640 0000006C C=CODE    S=_TEXT    G=(none)   M=C:\BORLAND\BCC55\LIB\CW32.LIB|memcmp ACBP=A9
 0001:0008D6AC 00000032 C=CODE    S=_TEXT    G=(none)   M=C:\BORLAND\BCC55\LIB\CW32.LIB|strdup ACBP=A9
 0001:0008D6E0 0000004F C=CODE    S=_TEXT    G=(none)   M=C:\BORLAND\BCC55\LIB\CW32.LIB|strncpy ACBP=A9
 0001:0008D730 0000002B C=CODE    S=_TEXT    G=(none)   M=C:\BORLAND\BCC55\LIB\CW32.LIB|strpbrk ACBP=A9
 0001:0008D75C 00000029 C=CODE    S=_TEXT    G=(none)   M=C:\BORLAND\BCC55\LIB\CW32.LIB|strrchr ACBP=A9
 0001:0008D788 00000054 C=CODE    S=_TEXT    G=(none)   M=C:\BORLAND\BCC55\LIB\CW32.LIB|strstr ACBP=A9
 0001:0008D7DC 00000037 C=CODE    S=_TEXT    G=(none)   M=C:\BORLAND\BCC55\LIB\CW32.LIB|_stpcpy ACBP=A9
 0001:0008D814 00000018 C=CODE    S=_TEXT    G=(none)   M=C:\BORLAND\BCC55\LIB\CW32.LIB|wcslen ACBP=A9
 0001:0008D82C 0000003F C=CODE    S=_TEXT    G=(none)   M=C:\BORLAND\BCC55\LIB\CW32.LIB|wcscpy ACBP=A9
 0001:0008D86C 00000070 C=CODE    S=_TEXT    G=(none)   M=C:\BORLAND\BCC55\LIB\CW32.LIB|xxa ACBP=A9
 0001:0008D8DC 00000778 C=CODE    S=_TEXT    G=(none)   M=C:\BORLAND\BCC55\LIB\CW32.LIB|xxtype ACBP=A9
 0001:0008E02E 000000B6 C=CODE    S=_TEXT    G=(none)   M=C:\BORLAND\BCC55\LIB\CW32.LIB|xxut ACBP=A9
 0001:0008E0D0 0000014B C=CODE    S=_TEXT    G=(none)   M=C:\BORLAND\BCC55\LIB\CW32.LIB|xxv ACBP=A9
 0001:0008E21C 0000000A C=CODE    S=_TEXT    G=(none)   M=C:\BORLAND\BCC55\LIB\CW32.LIB|defhandl ACBP=A9
 0001:0008E228 00000179 C=CODE    S=_TEXT    G=(none)   M=C:\BORLAND\BCC55\LIB\CW32.LIB|except ACBP=A9
 0001:0008E3A4 00000046 C=CODE    S=_TEXT    G=(none)   M=C:\BORLAND\BCC55\LIB\CW32.LIB|setexc ACBP=A9
 0001:0008E3EC 00000022 C=CODE    S=_TEXT    G=(none)   M=C:\BORLAND\BCC55\LIB\CW32.LIB|ta ACBP=A9
 0001:0008E410 0000003C C=CODE    S=_TEXT    G=(none)   M=C:\BORLAND\BCC55\LIB\CW32.LIB|__access ACBP=A9
 0001:0008E44C 00000060 C=CODE    S=_TEXT    G=(none)   M=C:\BORLAND\BCC55\LIB\CW32.LIB|__close ACBP=A9
 0001:0008E4AC 00000013 C=CODE    S=_TEXT    G=(none)   M=C:\BORLAND\BCC55\LIB\CW32.LIB|__dup ACBP=A9
 0001:0008E4C0 000000EF C=CODE    S=_TEXT    G=(none)   M=C:\BORLAND\BCC55\LIB\CW32.LIB|__dup2 ACBP=A9
 0001:0008E5B0 00000086 C=CODE    S=_TEXT    G=(none)   M=C:\BORLAND\BCC55\LIB\CW32.LIB|__eof ACBP=A9
 0001:0008E638 00000047 C=CODE    S=_TEXT    G=(none)   M=C:\BORLAND\BCC55\LIB\CW32.LIB|__isatty ACBP=A9
 0001:0008E680 00000076 C=CODE    S=_TEXT    G=(none)   M=C:\BORLAND\BCC55\LIB\CW32.LIB|__lseek ACBP=A9
 0001:0008E6F8 000001FA C=CODE    S=_TEXT    G=(none)   M=C:\BORLAND\BCC55\LIB\CW32.LIB|__open ACBP=A9
 0001:0008E8F4 0000019A C=CODE    S=_TEXT    G=(none)   M=C:\BORLAND\BCC55\LIB\CW32.LIB|__read ACBP=A9
 0001:0008EA90 0000011C C=CODE    S=_TEXT    G=(none)   M=C:\BORLAND\BCC55\LIB\CW32.LIB|__write ACBP=A9
 0001:0008EBAC 00000011 C=CODE    S=_TEXT    G=(none)   M=C:\BORLAND\BCC55\LIB\CW32.LIB|_cfinfo ACBP=A9
 0001:0008EBC0 00000038 C=CODE    S=_TEXT    G=(none)   M=C:\BORLAND\BCC55\LIB\CW32.LIB|_flshall ACBP=A9
 0001:0008EBF8 00000061 C=CODE    S=_TEXT    G=(none)   M=C:\BORLAND\BCC55\LIB\CW32.LIB|_read ACBP=A9
 0001:0008EC5C 00000008 C=CODE    S=_TEXT    G=(none)   M=C:\BORLAND\BCC55\LIB\CW32.LIB|_stat ACBP=A9
 0001:0008EC64 00000017 C=CODE    S=_TEXT    G=(none)   M=C:\BORLAND\BCC55\LIB\CW32.LIB|_umask ACBP=A9
 0001:0008EC64 00000061 C=CODE    S=_TEXT    G=(none)   M=C:\BORLAND\BCC55\LIB\CW32.LIB|_write ACBP=A9
 0001:0008ECC8 00000008 C=CODE    S=_TEXT    G=(none)   M=C:\BORLAND\BCC55\LIB\CW32.LIB|access ACBP=A9
 0001:0008ECD0 0000007D C=CODE    S=_TEXT    G=(none)   M=C:\BORLAND\BCC55\LIB\CW32.LIB|allocbuf ACBP=A9
 0001:0008ED50 0000009B C=CODE    S=_TEXT    G=(none)   M=C:\BORLAND\BCC55\LIB\CW32.LIB|chdrive ACBP=A9
 0001:0008EDEC 00000008 C=CODE    S=_TEXT    G=(none)   M=C:\BORLAND\BCC55\LIB\CW32.LIB|close ACBP=A9
 0001:0008EDF4 00000008 C=CODE    S=_TEXT    G=(none)   M=C:\BORLAND\BCC55\LIB\CW32.LIB|dup ACBP=A9
 0001:0008EDFC 0000008E C=CODE    S=_TEXT    G=(none)   M=C:\BORLAND\BCC55\LIB\CW32.LIB|fclose ACBP=A9
 0001:0008EE8C 0000007F C=CODE    S=_TEXT    G=(none)   M=C:\BORLAND\BCC55\LIB\CW32.LIB|fflush ACBP=A9
 0001:0008EF0C 0000005A C=CODE    S=_TEXT    G=(none)   M=C:\BORLAND\BCC55\LIB\CW32.LIB|flushout ACBP=A9
 0001:0008EF68 00000023 C=CODE    S=_TEXT    G=(none)   M=C:\BORLAND\BCC55\LIB\CW32.LIB|fmodeptr ACBP=A9
 0001:0008EF8C 000001DD C=CODE    S=_TEXT    G=(none)   M=C:\BORLAND\BCC55\LIB\CW32.LIB|fopen ACBP=A9
 0001:0008F16C 00000022 C=CODE    S=_TEXT    G=(none)   M=C:\BORLAND\BCC55\LIB\CW32.LIB|fprintf ACBP=A9
 0001:0008F190 000000D9 C=CODE    S=_TEXT    G=(none)   M=C:\BORLAND\BCC55\LIB\CW32.LIB|fputn ACBP=A9
 0001:0008F26C 0000013E C=CODE    S=_TEXT    G=(none)   M=C:\BORLAND\BCC55\LIB\CW32.LIB|fseek ACBP=A9
 0001:0008F3AC 000000D4 C=CODE    S=_TEXT    G=(none)   M=C:\BORLAND\BCC55\LIB\CW32.LIB|fullpath ACBP=A9
 0001:0008F480 000002B9 C=CODE    S=_TEXT    G=(none)   M=C:\BORLAND\BCC55\LIB\CW32.LIB|handles ACBP=A9
 0001:0008F73C 00000076 C=CODE    S=_TEXT    G=(none)   M=C:\BORLAND\BCC55\LIB\CW32.LIB|ioerror ACBP=A9
 0001:0008F7B4 0000019E C=CODE    S=_TEXT    G=(none)   M=C:\BORLAND\BCC55\LIB\CW32.LIB|lgetc ACBP=A9
 0001:0008F954 00000110 C=CODE    S=_TEXT    G=(none)   M=C:\BORLAND\BCC55\LIB\CW32.LIB|lputc ACBP=A9
 0001:0008FA64 00000091 C=CODE    S=_TEXT    G=(none)   M=C:\BORLAND\BCC55\LIB\CW32.LIB|mkname ACBP=A9
 0001:0008FAF5 00000079 C=CODE    S=_TEXT    G=(none)   M=C:\BORLAND\BCC55\LIB\CW32.LIB|perror ACBP=A9
 0001:0008FAF8 00000023 C=CODE    S=_TEXT    G=(none)   M=C:\BORLAND\BCC55\LIB\CW32.LIB|printf ACBP=A9
 0001:0008FB1C 0000006B C=CODE    S=_TEXT    G=(none)   M=C:\BORLAND\BCC55\LIB\CW32.LIB|setmode ACBP=A9
 0001:0008FB88 0000004D C=CODE    S=_TEXT    G=(none)   M=C:\BORLAND\BCC55\LIB\CW32.LIB|setvbuf ACBP=A9
 0001:0008FBD8 00000100 C=CODE    S=_TEXT    G=(none)   M=C:\BORLAND\BCC55\LIB\CW32.LIB|snprntf ACBP=A9
 0001:0008FCD8 00000078 C=CODE    S=_TEXT    G=(none)   M=C:\BORLAND\BCC55\LIB\CW32.LIB|sprintf ACBP=A9
 0001:0008FD50 00000205 C=CODE    S=_TEXT    G=(none)   M=C:\BORLAND\BCC55\LIB\CW32.LIB|stat ACBP=A9
 0001:0008FF58 00000115 C=CODE    S=_TEXT    G=(none)   M=C:\BORLAND\BCC55\LIB\CW32.LIB|streams ACBP=A9
 0001:00090070 0000001A C=CODE    S=_TEXT    G=(none)   M=C:\BORLAND\BCC55\LIB\CW32.LIB|unlink ACBP=A9
 0001:0009008C 00000022 C=CODE    S=_TEXT    G=(none)   M=C:\BORLAND\BCC55\LIB\CW32.LIB|vfprintf ACBP=A9
 0001:000900B0 000009EC C=CODE    S=_TEXT    G=(none)   M=C:\BORLAND\BCC55\LIB\CW32.LIB|vprinter ACBP=A9
 0001:00090A9C 0000002E C=CODE    S=_TEXT    G=(none)   M=C:\BORLAND\BCC55\LIB\CW32.LIB|xfclose ACBP=A9
 0001:00090ACC 00000027 C=CODE    S=_TEXT    G=(none)   M=C:\BORLAND\BCC55\LIB\CW32.LIB|xfflush ACBP=A9
 0001:00090AF4 00000051 C=CODE    S=_TEXT    G=(none)   M=C:\BORLAND\BCC55\LIB\CW32.LIB|getinfo ACBP=A9
 0001:00090B48 00000102 C=CODE    S=_TEXT    G=(none)   M=C:\BORLAND\BCC55\LIB\CW32.LIB|is ACBP=A9
 0001:00090C4C 00000103 C=CODE    S=_TEXT    G=(none)   M=C:\BORLAND\BCC55\LIB\CW32.LIB|wis ACBP=A9
 0001:00090D50 00000043 C=CODE    S=_TEXT    G=(none)   M=C:\BORLAND\BCC55\LIB\CW32.LIB|isctype ACBP=A9
 0001:00090D94 00000055 C=CODE    S=_TEXT    G=(none)   M=C:\BORLAND\BCC55\LIB\CW32.LIB|iswctype ACBP=A9
 0001:00090DEC 00000054 C=CODE    S=_TEXT    G=(none)   M=C:\BORLAND\BCC55\LIB\CW32.LIB|ltoupper ACBP=A9
 0001:00090E40 000004D0 C=CODE    S=_TEXT    G=(none)   M=C:\BORLAND\BCC55\LIB\CW32.LIB|mbyte1 ACBP=A9
 0001:00091310 00000200 C=CODE    S=_TEXT    G=(none)   M=C:\BORLAND\BCC55\LIB\CW32.LIB|_ll ACBP=A9
 0001:00091510 0000001D C=CODE    S=_TEXT    G=(none)   M=C:\BORLAND\BCC55\LIB\CW32.LIB|_finite ACBP=A9
 0001:00091530 0000002B C=CODE    S=_TEXT    G=(none)   M=C:\BORLAND\BCC55\LIB\CW32.LIB|_ftoul ACBP=A9
 0001:0009155C 00000045 C=CODE    S=_TEXT    G=(none)   M=C:\BORLAND\BCC55\LIB\CW32.LIB|_isnan ACBP=A9
 0001:000915A4 000000B0 C=CODE    S=_TEXT    G=(none)   M=C:\BORLAND\BCC55\LIB\CW32.LIB|_matherr ACBP=A9
 0001:00091654 00000188 C=CODE    S=_TEXT    G=(none)   M=C:\BORLAND\BCC55\LIB\CW32.LIB|_pow10 ACBP=A9
 0001:000917DC 00000077 C=CODE    S=_TEXT    G=(none)   M=C:\BORLAND\BCC55\LIB\CW32.LIB|atol ACBP=A9
 0001:00091854 0000001C C=CODE    S=_TEXT    G=(none)   M=C:\BORLAND\BCC55\LIB\CW32.LIB|ceil ACBP=A9
 0001:00091870 00000013 C=CODE    S=_TEXT    G=(none)   M=C:\BORLAND\BCC55\LIB\CW32.LIB|clear87 ACBP=A9
 0001:00091884 0000002F C=CODE    S=_TEXT    G=(none)   M=C:\BORLAND\BCC55\LIB\CW32.LIB|ctrl87 ACBP=A9
 0001:000918B4 00000018 C=CODE    S=_TEXT    G=(none)   M=C:\BORLAND\BCC55\LIB\CW32.LIB|cvtentry ACBP=A9
 0001:000918CC 00000018 C=CODE    S=_TEXT    G=(none)   M=C:\BORLAND\BCC55\LIB\CW32.LIB|cvtfak ACBP=A9
 0001:000918E4 00000018 C=CODE    S=_TEXT    G=(none)   M=C:\BORLAND\BCC55\LIB\CW32.LIB|cvtfakw ACBP=A9
 0001:000918FC 00000016 C=CODE    S=_TEXT    G=(none)   M=C:\BORLAND\BCC55\LIB\CW32.LIB|div ACBP=A9
 0001:00091914 0000006C C=CODE    S=_TEXT    G=(none)   M=C:\BORLAND\BCC55\LIB\CW32.LIB|exp ACBP=A9
 0001:00091980 000000CD C=CODE    S=_TEXT    G=(none)   M=C:\BORLAND\BCC55\LIB\CW32.LIB|f87exp ACBP=A9
 0001:00091A50 00000048 C=CODE    S=_TEXT    G=(none)   M=C:\BORLAND\BCC55\LIB\CW32.LIB|f87log ACBP=A9
 0001:00091A98 0000004D C=CODE    S=_TEXT    G=(none)   M=C:\BORLAND\BCC55\LIB\CW32.LIB|fmod ACBP=A9
 0001:00091AE8 00000016 C=CODE    S=_TEXT    G=(none)   M=C:\BORLAND\BCC55\LIB\CW32.LIB|fpreset ACBP=A9
 0001:00091B00 00000028 C=CODE    S=_TEXT    G=(none)   M=C:\BORLAND\BCC55\LIB\CW32.LIB|ftol ACBP=A9
 0001:00091B28 0000002D C=CODE    S=_TEXT    G=(none)   M=C:\BORLAND\BCC55\LIB\CW32.LIB|fuildq ACBP=A9
 0001:00091B58 00000021 C=CODE    S=_TEXT    G=(none)   M=C:\BORLAND\BCC55\LIB\CW32.LIB|fuistq ACBP=A9
 0001:00091B7C 00000011 C=CODE    S=_TEXT    G=(none)   M=C:\BORLAND\BCC55\LIB\CW32.LIB|fxam ACBP=A9
 0001:00091B90 000000B1 C=CODE    S=_TEXT    G=(none)   M=C:\BORLAND\BCC55\LIB\CW32.LIB|int64toa ACBP=A9
 0001:00091C44 00000117 C=CODE    S=_TEXT    G=(none)   M=C:\BORLAND\BCC55\LIB\CW32.LIB|ldtrunc ACBP=A9
 0001:00091D5C 0000006D C=CODE    S=_TEXT    G=(none)   M=C:\BORLAND\BCC55\LIB\CW32.LIB|log ACBP=A9
 0001:00091DCC 0000008F C=CODE    S=_TEXT    G=(none)   M=C:\BORLAND\BCC55\LIB\CW32.LIB|longtoa ACBP=A9
 0001:00091E5C 00000075 C=CODE    S=_TEXT    G=(none)   M=C:\BORLAND\BCC55\LIB\CW32.LIB|ltoa1 ACBP=A9
 0001:00091ED4 0000002E C=CODE    S=_TEXT    G=(none)   M=C:\BORLAND\BCC55\LIB\CW32.LIB|matherrl ACBP=A9
 0001:00091F04 00000016 C=CODE    S=_TEXT    G=(none)   M=C:\BORLAND\BCC55\LIB\CW32.LIB|mathptr ACBP=A9
 0001:00091F1C 00000030 C=CODE    S=_TEXT    G=(none)   M=C:\BORLAND\BCC55\LIB\CW32.LIB|modf ACBP=A9
 0001:00091F4C 000001DC C=CODE    S=_TEXT    G=(none)   M=C:\BORLAND\BCC55\LIB\CW32.LIB|pow ACBP=A9
 0001:00092128 00000025 C=CODE    S=_TEXT    G=(none)   M=C:\BORLAND\BCC55\LIB\CW32.LIB|qdiv10 ACBP=A9
 0001:00092150 0000002E C=CODE    S=_TEXT    G=(none)   M=C:\BORLAND\BCC55\LIB\CW32.LIB|qmul10 ACBP=A9
 0001:00092180 0000008E C=CODE    S=_TEXT    G=(none)   M=C:\BORLAND\BCC55\LIB\CW32.LIB|rand ACBP=A9
 0001:00092210 000002F9 C=CODE    S=_TEXT    G=(none)   M=C:\BORLAND\BCC55\LIB\CW32.LIB|realcvt ACBP=A9
 0001:0009250C 00000331 C=CODE    S=_TEXT    G=(none)   M=C:\BORLAND\BCC55\LIB\CW32.LIB|realcvtw ACBP=A9
 0001:00092840 0000002C C=CODE    S=_TEXT    G=(none)   M=C:\BORLAND\BCC55\LIB\CW32.LIB|round ACBP=A9
 0001:0009286C 000004E1 C=CODE    S=_TEXT    G=(none)   M=C:\BORLAND\BCC55\LIB\CW32.LIB|scantod ACBP=A9
 0001:00092D50 000004DD C=CODE    S=_TEXT    G=(none)   M=C:\BORLAND\BCC55\LIB\CW32.LIB|scanwtod ACBP=A9
 0001:00093230 0000003A C=CODE    S=_TEXT    G=(none)   M=C:\BORLAND\BCC55\LIB\CW32.LIB|sqrt ACBP=A9
 0001:0009326C 000002D2 C=CODE    S=_TEXT    G=(none)   M=C:\BORLAND\BCC55\LIB\CW32.LIB|xcvt ACBP=A9
 0001:00093540 000002F1 C=CODE    S=_TEXT    G=(none)   M=C:\BORLAND\BCC55\LIB\CW32.LIB|xcvtw ACBP=A9
 0001:00093834 00000139 C=CODE    S=_TEXT    G=(none)   M=C:\BORLAND\BCC55\LIB\CW32.LIB|mbctype ACBP=A9
 0001:00093970 0000003D C=CODE    S=_TEXT    G=(none)   M=C:\BORLAND\BCC55\LIB\CW32.LIB|mbisalp ACBP=A9
 0001:000939B0 0000001A C=CODE    S=_TEXT    G=(none)   M=C:\BORLAND\BCC55\LIB\CW32.LIB|mbisdgt ACBP=A9
 0001:000939CC 0000001A C=CODE    S=_TEXT    G=(none)   M=C:\BORLAND\BCC55\LIB\CW32.LIB|mbisspc ACBP=A9
 0001:000939E8 0000009B C=CODE    S=_TEXT    G=(none)   M=C:\BORLAND\BCC55\LIB\CW32.LIB|mbsicmp ACBP=A9
 0001:00093A84 00000054 C=CODE    S=_TEXT    G=(none)   M=C:\BORLAND\BCC55\LIB\CW32.LIB|mbsnbcpy ACBP=A9
 0001:00093AD8 000000BF C=CODE    S=_TEXT    G=(none)   M=C:\BORLAND\BCC55\LIB\CW32.LIB|mbsnbicm ACBP=A9
 0001:00093B98 0000006C C=CODE    S=_TEXT    G=(none)   M=C:\BORLAND\BCC55\LIB\CW32.LIB|mbspbrk ACBP=A9
 0001:00093C04 00000056 C=CODE    S=_TEXT    G=(none)   M=C:\BORLAND\BCC55\LIB\CW32.LIB|mbsrchr ACBP=A9
 0001:00093C5C 0000001D C=CODE    S=_TEXT    G=(none)   M=C:\BORLAND\BCC55\LIB\CW32.LIB|mbtoupr ACBP=A9
 0001:00093C7C 000000A6 C=CODE    S=_TEXT    G=(none)   M=C:\BORLAND\BCC55\LIB\CW32.LIB|assert ACBP=A9
 0001:00093D24 000000B8 C=CODE    S=_TEXT    G=(none)   M=C:\BORLAND\BCC55\LIB\CW32.LIB|ermsghlp ACBP=A9
 0001:00093DDC 00000006 C=CODE    S=_TEXT    G=(none)   M=C:\BORLAND\BCC55\LIB\CW32.LIB|errno ACBP=A9
 0001:00093DDC 0000019B C=CODE    S=_TEXT    G=(none)   M=C:\BORLAND\BCC55\LIB\CW32.LIB|errormsg ACBP=A9
 0001:00093F78 00000089 C=CODE    S=_TEXT    G=(none)   M=C:\BORLAND\BCC55\LIB\CW32.LIB|platform ACBP=A9
 0001:00094004 00000236 C=CODE    S=_TEXT    G=(none)   M=C:\BORLAND\BCC55\LIB\CW32.LIB|qsort ACBP=A9
 0001:0009423C 00000022 C=CODE    S=_TEXT    G=(none)   M=C:\BORLAND\BCC55\LIB\CW32.LIB|abort ACBP=A9
 0001:00094260 000000A7 C=CODE    S=_TEXT    G=(none)   M=C:\BORLAND\BCC55\LIB\CW32.LIB|exit ACBP=A9
 0001:00094308 00000057 C=CODE    S=_TEXT    G=(none)   M=C:\BORLAND\BCC55\LIB\CW32.LIB|getenv ACBP=A9
 0001:00094360 0000001A C=CODE    S=_TEXT    G=(none)   M=C:\BORLAND\BCC55\LIB\CW32.LIB|initwild ACBP=A9
 0001:0009437C 00000011 C=CODE    S=_TEXT    G=(none)   M=C:\BORLAND\BCC55\LIB\CW32.LIB|exparg ACBP=A9
 0001:00094390 00000011 C=CODE    S=_TEXT    G=(none)   M=C:\BORLAND\BCC55\LIB\CW32.LIB|wexparg ACBP=A9
 0001:000943A4 00000027 C=CODE    S=_TEXT    G=(none)   M=C:\BORLAND\BCC55\LIB\CW32.LIB|initargv ACBP=A9
 0001:000943CC 0000016C C=CODE    S=_TEXT    G=(none)   M=C:\BORLAND\BCC55\LIB\CW32.LIB|setargv ACBP=A9
 0001:00094538 000001E5 C=CODE    S=_TEXT    G=(none)   M=C:\BORLAND\BCC55\LIB\CW32.LIB|hsargv ACBP=A9
 0001:00094720 00000227 C=CODE    S=_TEXT    G=(none)   M=C:\BORLAND\BCC55\LIB\CW32.LIB|whsargv ACBP=A9
 0001:00094948 00000045 C=CODE    S=_TEXT    G=(none)   M=C:\BORLAND\BCC55\LIB\CW32.LIB|setargv0 ACBP=A9
 0001:00094990 000001A0 C=CODE    S=_TEXT    G=(none)   M=C:\BORLAND\BCC55\LIB\CW32.LIB|setenvp ACBP=A9
 0001:00094B30 000002F8 C=CODE    S=_TEXT    G=(none)   M=C:\BORLAND\BCC55\LIB\CW32.LIB|signal ACBP=A9
 0001:00094E28 00000157 C=CODE    S=_TEXT    G=(none)   M=C:\BORLAND\BCC55\LIB\CW32.LIB|initexit ACBP=A9
 0001:00094F80 000001A4 C=CODE    S=_TEXT    G=(none)   M=C:\BORLAND\BCC55\LIB\CW32.LIB|startup ACBP=A9
 0001:00095124 0000004F C=CODE    S=_TEXT    G=(none)   M=C:\BORLAND\BCC55\LIB\CW32.LIB|tlsstat ACBP=A9
 0001:00095174 000002A4 C=CODE    S=_TEXT    G=(none)   M=C:\BORLAND\BCC55\LIB\CW32.LIB|timefunc ACBP=A9
 0001:00095418 00000006 C=CODE    S=_TEXT    G=(none)   M=C:\BORLAND\BCC55\LIB\CW32.LIB|tzdata ACBP=A9
 0001:00095420 000001C8 C=CODE    S=_TEXT    G=(none)   M=C:\BORLAND\BCC55\LIB\CW32.LIB|tzset ACBP=A9
 0001:000955E8 00000008 C=CODE    S=_TEXT    G=(none)   M=C:\BORLAND\BCC55\LIB\CW32.LIB|_tzset ACBP=A9
 0001:000955F0 00000156 C=CODE    S=_TEXT    G=(none)   M=C:\BORLAND\BCC55\LIB\CW32.LIB|statcvt ACBP=A9
 0001:00095748 0000004D C=CODE    S=_TEXT    G=(none)   M=C:\BORLAND\BCC55\LIB\CW32.LIB|time ACBP=A9
 0001:00095798 00001BA2 C=CODE    S=_TEXT    G=(none)   M=C:\BORLAND\BCC55\LIB\CW32.LIB|xx ACBP=A9
 0002:00000164 000000A4 C=DATA    S=_DATA    G=DGROUP   M=C:\BORLAND\BCC55\LIB\C0W32.OBJ ACBP=A9
 0002:00000208 00001CD0 C=DATA    S=_DATA    G=DGROUP   M=C:\SCI\PROJETO.OBJ ACBP=A9
 0002:00001ED8 00000988 C=DATA    S=_DATA    G=DGROUP   M=C:\XHARBOUR-BCC.5.5.1\LIB\LANG.LIB|msgen ACBP=A9
 0002:00002860 00000048 C=DATA    S=_DATA    G=DGROUP   M=C:\XHARBOUR-BCC.5.5.1\LIB\VM.LIB|arrays ACBP=A9
 0002:000028A8 00000188 C=DATA    S=_DATA    G=DGROUP   M=C:\XHARBOUR-BCC.5.5.1\LIB\VM.LIB|arrayshb ACBP=A9
 0002:00002A30 000005A8 C=DATA    S=_DATA    G=DGROUP   M=C:\XHARBOUR-BCC.5.5.1\LIB\VM.LIB|classes ACBP=A9
 0002:00002FD8 00000158 C=DATA    S=_DATA    G=DGROUP   M=C:\XHARBOUR-BCC.5.5.1\LIB\VM.LIB|cmdarg ACBP=A9
 0002:00003130 00000034 C=DATA    S=_DATA    G=DGROUP   M=C:\XHARBOUR-BCC.5.5.1\LIB\VM.LIB|codebloc ACBP=A9
 0002:00003164 0000001C C=DATA    S=_DATA    G=DGROUP   M=C:\XHARBOUR-BCC.5.5.1\LIB\VM.LIB|dynsym ACBP=A9
 0002:00003180 00000200 C=DATA    S=_DATA    G=DGROUP   M=C:\XHARBOUR-BCC.5.5.1\LIB\VM.LIB|errorapi ACBP=A9
 0002:00003380 00000188 C=DATA    S=_DATA    G=DGROUP   M=C:\XHARBOUR-BCC.5.5.1\LIB\VM.LIB|estack ACBP=A9
 0002:00003508 0000001C C=DATA    S=_DATA    G=DGROUP   M=C:\XHARBOUR-BCC.5.5.1\LIB\VM.LIB|eval ACBP=A9
 0002:00003524 00000004 C=DATA    S=_DATA    G=DGROUP   M=C:\XHARBOUR-BCC.5.5.1\LIB\VM.LIB|extend ACBP=A9
 0002:00003528 00000048 C=DATA    S=_DATA    G=DGROUP   M=C:\XHARBOUR-BCC.5.5.1\LIB\VM.LIB|garbage ACBP=A9
 0002:00003570 00000328 C=DATA    S=_DATA    G=DGROUP   M=C:\XHARBOUR-BCC.5.5.1\LIB\VM.LIB|hash ACBP=A9
 0002:00003898 000000E0 C=DATA    S=_DATA    G=DGROUP   M=C:\XHARBOUR-BCC.5.5.1\LIB\VM.LIB|hbi18n ACBP=A9
 0002:00003978 000008F4 C=DATA    S=_DATA    G=DGROUP   M=C:\XHARBOUR-BCC.5.5.1\LIB\VM.LIB|hvm ACBP=A9
 0002:0000426C 00000568 C=DATA    S=_DATA    G=DGROUP   M=C:\XHARBOUR-BCC.5.5.1\LIB\VM.LIB|initsymb ACBP=A9
 0002:000047D4 00000034 C=DATA    S=_DATA    G=DGROUP   M=C:\XHARBOUR-BCC.5.5.1\LIB\VM.LIB|itemapi ACBP=A9
 0002:00004808 000000C4 C=DATA    S=_DATA    G=DGROUP   M=C:\XHARBOUR-BCC.5.5.1\LIB\VM.LIB|fastitem ACBP=A9
 0002:000048CC 0000002C C=DATA    S=_DATA    G=DGROUP   M=C:\XHARBOUR-BCC.5.5.1\LIB\VM.LIB|macro ACBP=A9
 0002:000048F8 0000012C C=DATA    S=_DATA    G=DGROUP   M=C:\XHARBOUR-BCC.5.5.1\LIB\VM.LIB|memvars ACBP=A9
 0002:00004A24 0000005C C=DATA    S=_DATA    G=DGROUP   M=C:\XHARBOUR-BCC.5.5.1\LIB\VM.LIB|proc ACBP=A9
 0002:00004A80 00000008 C=DATA    S=_DATA    G=DGROUP   M=C:\XHARBOUR-BCC.5.5.1\LIB\VM.LIB|throw ACBP=A9
 0002:00004A88 0000045C C=DATA    S=_DATA    G=DGROUP   M=C:\XHARBOUR-BCC.5.5.1\LIB\VM.LIB|harbinit ACBP=A9
 0002:00004EE4 00000008 C=DATA    S=_DATA    G=DGROUP   M=C:\XHARBOUR-BCC.5.5.1\LIB\VM.LIB|mainwin ACBP=A9
 0002:00004EEC 00000004 C=DATA    S=_DATA    G=DGROUP   M=C:\XHARBOUR-BCC.5.5.1\LIB\RTL.LIB|abs ACBP=A9
 0002:00004EF0 0000000C C=DATA    S=_DATA    G=DGROUP   M=C:\XHARBOUR-BCC.5.5.1\LIB\RTL.LIB|at ACBP=A9
 0002:00004EFC 00000010 C=DATA    S=_DATA    G=DGROUP   M=C:\XHARBOUR-BCC.5.5.1\LIB\RTL.LIB|bkgtsks ACBP=A9
 0002:00004F0C 0000000C C=DATA    S=_DATA    G=DGROUP   M=C:\XHARBOUR-BCC.5.5.1\LIB\RTL.LIB|box ACBP=A9
 0002:00004F18 00000464 C=DATA    S=_DATA    G=DGROUP   M=C:\XHARBOUR-BCC.5.5.1\LIB\RTL.LIB|cdpapi ACBP=A9
 0002:0000537C 00000008 C=DATA    S=_DATA    G=DGROUP   M=C:\XHARBOUR-BCC.5.5.1\LIB\RTL.LIB|chrasc ACBP=A9
 0002:00005384 00000004 C=DATA    S=_DATA    G=DGROUP   M=C:\XHARBOUR-BCC.5.5.1\LIB\RTL.LIB|colorind ACBP=A9
 0002:00005388 00000040 C=DATA    S=_DATA    G=DGROUP   M=C:\XHARBOUR-BCC.5.5.1\LIB\RTL.LIB|console ACBP=A9
 0002:000053C8 00000010 C=DATA    S=_DATA    G=DGROUP   M=C:\XHARBOUR-BCC.5.5.1\LIB\RTL.LIB|datec ACBP=A9
 0002:000053D8 00000058 C=DATA    S=_DATA    G=DGROUP   M=C:\XHARBOUR-BCC.5.5.1\LIB\RTL.LIB|dateshb ACBP=A9
 0002:00005430 00000024 C=DATA    S=_DATA    G=DGROUP   M=C:\XHARBOUR-BCC.5.5.1\LIB\RTL.LIB|diskspac ACBP=A9
 0002:00005454 00000004 C=DATA    S=_DATA    G=DGROUP   M=C:\XHARBOUR-BCC.5.5.1\LIB\RTL.LIB|filebuf ACBP=A9
 0002:00005458 00000018 C=DATA    S=_DATA    G=DGROUP   M=C:\XHARBOUR-BCC.5.5.1\LIB\RTL.LIB|filesys ACBP=A9
 0002:00005470 00000094 C=DATA    S=_DATA    G=DGROUP   M=C:\XHARBOUR-BCC.5.5.1\LIB\RTL.LIB|fparse ACBP=A9
 0002:00005504 00000004 C=DATA    S=_DATA    G=DGROUP   M=C:\XHARBOUR-BCC.5.5.1\LIB\RTL.LIB|fstemp ACBP=A9
 0002:00005508 0000001C C=DATA    S=_DATA    G=DGROUP   M=C:\XHARBOUR-BCC.5.5.1\LIB\RTL.LIB|gtapi ACBP=A9
 0002:00005524 00000030 C=DATA    S=_DATA    G=DGROUP   M=C:\XHARBOUR-BCC.5.5.1\LIB\RTL.LIB|gtfunc ACBP=A9
 0002:00005554 00000060 C=DATA    S=_DATA    G=DGROUP   M=C:\XHARBOUR-BCC.5.5.1\LIB\RTL.LIB|hbbitf ACBP=A9
 0002:000055B4 00000020 C=DATA    S=_DATA    G=DGROUP   M=C:\XHARBOUR-BCC.5.5.1\LIB\RTL.LIB|hbffind ACBP=A9
 0002:000055D4 00000294 C=DATA    S=_DATA    G=DGROUP   M=C:\XHARBOUR-BCC.5.5.1\LIB\RTL.LIB|hbgtcore ACBP=A9
 0002:00005868 00000024 C=DATA    S=_DATA    G=DGROUP   M=C:\XHARBOUR-BCC.5.5.1\LIB\RTL.LIB|hbhex2n ACBP=A9
 0002:0000588C 00000004 C=DATA    S=_DATA    G=DGROUP   M=C:\XHARBOUR-BCC.5.5.1\LIB\RTL.LIB|hbrandom ACBP=A9
 0002:00005890 00000360 C=DATA    S=_DATA    G=DGROUP   M=C:\XHARBOUR-BCC.5.5.1\LIB\RTL.LIB|hbserv ACBP=A9
 0002:00005BF0 00000028 C=DATA    S=_DATA    G=DGROUP   M=C:\XHARBOUR-BCC.5.5.1\LIB\RTL.LIB|hbtoken ACBP=A9
 0002:00005C18 00000018 C=DATA    S=_DATA    G=DGROUP   M=C:\XHARBOUR-BCC.5.5.1\LIB\RTL.LIB|idle ACBP=A9
 0002:00005C30 0000000C C=DATA    S=_DATA    G=DGROUP   M=C:\XHARBOUR-BCC.5.5.1\LIB\RTL.LIB|inkey ACBP=A9
 0002:00005C3C 00000060 C=DATA    S=_DATA    G=DGROUP   M=C:\XHARBOUR-BCC.5.5.1\LIB\RTL.LIB|langapi ACBP=A9
 0002:00005C9C 00000008 C=DATA    S=_DATA    G=DGROUP   M=C:\XHARBOUR-BCC.5.5.1\LIB\RTL.LIB|left ACBP=A9
 0002:00005CA4 00000004 C=DATA    S=_DATA    G=DGROUP   M=C:\XHARBOUR-BCC.5.5.1\LIB\RTL.LIB|len ACBP=A9
 0002:00005CA8 00000154 C=DATA    S=_DATA    G=DGROUP   M=C:\XHARBOUR-BCC.5.5.1\LIB\RTL.LIB|math ACBP=A9
 0002:00005DFC 00000008 C=DATA    S=_DATA    G=DGROUP   M=C:\XHARBOUR-BCC.5.5.1\LIB\RTL.LIB|minmax ACBP=A9
 0002:00005E04 00000038 C=DATA    S=_DATA    G=DGROUP   M=C:\XHARBOUR-BCC.5.5.1\LIB\RTL.LIB|natmsg ACBP=A9
 0002:00005E3C 00000004 C=DATA    S=_DATA    G=DGROUP   M=C:\XHARBOUR-BCC.5.5.1\LIB\RTL.LIB|padc ACBP=A9
 0002:00005E40 00000004 C=DATA    S=_DATA    G=DGROUP   M=C:\XHARBOUR-BCC.5.5.1\LIB\RTL.LIB|padl ACBP=A9
 0002:00005E44 00000004 C=DATA    S=_DATA    G=DGROUP   M=C:\XHARBOUR-BCC.5.5.1\LIB\RTL.LIB|padr ACBP=A9
 0002:00005E48 000000E4 C=DATA    S=_DATA    G=DGROUP   M=C:\XHARBOUR-BCC.5.5.1\LIB\RTL.LIB|philes ACBP=A9
 0002:00005F2C 000000D4 C=DATA    S=_DATA    G=DGROUP   M=C:\XHARBOUR-BCC.5.5.1\LIB\RTL.LIB|regex ACBP=A9
 0002:00006000 0000000C C=DATA    S=_DATA    G=DGROUP   M=C:\XHARBOUR-BCC.5.5.1\LIB\RTL.LIB|replic ACBP=A9
 0002:0000600C 0000000C C=DATA    S=_DATA    G=DGROUP   M=C:\XHARBOUR-BCC.5.5.1\LIB\RTL.LIB|round ACBP=A9
 0002:00006018 00000008 C=DATA    S=_DATA    G=DGROUP   M=C:\XHARBOUR-BCC.5.5.1\LIB\RTL.LIB|seconds ACBP=A9
 0002:00006020 000000A8 C=DATA    S=_DATA    G=DGROUP   M=C:\XHARBOUR-BCC.5.5.1\LIB\RTL.LIB|set ACBP=A9
 0002:000060C8 00000004 C=DATA    S=_DATA    G=DGROUP   M=C:\XHARBOUR-BCC.5.5.1\LIB\RTL.LIB|setcolor ACBP=A9
 0002:000060CC 00000008 C=DATA    S=_DATA    G=DGROUP   M=C:\XHARBOUR-BCC.5.5.1\LIB\RTL.LIB|space ACBP=A9
 0002:000060D4 00000004 C=DATA    S=_DATA    G=DGROUP   M=C:\XHARBOUR-BCC.5.5.1\LIB\RTL.LIB|spfiles ACBP=A9
 0002:000060D8 00000004 C=DATA    S=_DATA    G=DGROUP   M=C:\XHARBOUR-BCC.5.5.1\LIB\RTL.LIB|str ACBP=A9
 0002:000060DC 0000000C C=DATA    S=_DATA    G=DGROUP   M=C:\XHARBOUR-BCC.5.5.1\LIB\RTL.LIB|strcase ACBP=A9
 0002:000060E8 00000004 C=DATA    S=_DATA    G=DGROUP   M=C:\XHARBOUR-BCC.5.5.1\LIB\RTL.LIB|strdel ACBP=A9
 0002:000060EC 0000000C C=DATA    S=_DATA    G=DGROUP   M=C:\XHARBOUR-BCC.5.5.1\LIB\RTL.LIB|strtran ACBP=A9
 0002:000060F8 00000004 C=DATA    S=_DATA    G=DGROUP   M=C:\XHARBOUR-BCC.5.5.1\LIB\RTL.LIB|stuff ACBP=A9
 0002:000060FC 00000008 C=DATA    S=_DATA    G=DGROUP   M=C:\XHARBOUR-BCC.5.5.1\LIB\RTL.LIB|substr ACBP=A9
 0002:00006104 000000C0 C=DATA    S=_DATA    G=DGROUP   M=C:\XHARBOUR-BCC.5.5.1\LIB\RTL.LIB|tprinter ACBP=A9
 0002:000061C4 00000030 C=DATA    S=_DATA    G=DGROUP   M=C:\XHARBOUR-BCC.5.5.1\LIB\RTL.LIB|trace ACBP=A9
 0002:000061F4 0000016C C=DATA    S=_DATA    G=DGROUP   M=C:\XHARBOUR-BCC.5.5.1\LIB\RTL.LIB|transfrm ACBP=A9
 0002:00006360 00000010 C=DATA    S=_DATA    G=DGROUP   M=C:\XHARBOUR-BCC.5.5.1\LIB\RTL.LIB|trim ACBP=A9
 0002:00006370 00000008 C=DATA    S=_DATA    G=DGROUP   M=C:\XHARBOUR-BCC.5.5.1\LIB\RTL.LIB|type ACBP=A9
 0002:00006378 0000000C C=DATA    S=_DATA    G=DGROUP   M=C:\XHARBOUR-BCC.5.5.1\LIB\RTL.LIB|valtype ACBP=A9
 0002:00006384 00000058 C=DATA    S=_DATA    G=DGROUP   M=C:\XHARBOUR-BCC.5.5.1\LIB\RTL.LIB|version ACBP=A9
 0002:000063DC 00000008 C=DATA    S=_DATA    G=DGROUP   M=C:\XHARBOUR-BCC.5.5.1\LIB\RTL.LIB|word ACBP=A9
 0002:000063E4 00000008 C=DATA    S=_DATA    G=DGROUP   M=C:\XHARBOUR-BCC.5.5.1\LIB\RTL.LIB|xhelp ACBP=A9
 0002:000063EC 00000004 C=DATA    S=_DATA    G=DGROUP   M=C:\XHARBOUR-BCC.5.5.1\LIB\RTL.LIB|xsavescr ACBP=A9
 0002:000063F0 00000520 C=DATA    S=_DATA    G=DGROUP   M=C:\XHARBOUR-BCC.5.5.1\LIB\RTL.LIB|alert ACBP=A9
 0002:00006910 00000720 C=DATA    S=_DATA    G=DGROUP   M=C:\XHARBOUR-BCC.5.5.1\LIB\RTL.LIB|color53 ACBP=A9
 0002:00007030 00000FCC C=DATA    S=_DATA    G=DGROUP   M=C:\XHARBOUR-BCC.5.5.1\LIB\RTL.LIB|cstr ACBP=A9
 0002:00007FFC 00002870 C=DATA    S=_DATA    G=DGROUP   M=C:\XHARBOUR-BCC.5.5.1\LIB\RTL.LIB|errorsys ACBP=A9
 0002:0000A86C 00000120 C=DATA    S=_DATA    G=DGROUP   M=C:\XHARBOUR-BCC.5.5.1\LIB\RTL.LIB|getlist ACBP=A9
 0002:0000A98C 00000F48 C=DATA    S=_DATA    G=DGROUP   M=C:\XHARBOUR-BCC.5.5.1\LIB\RTL.LIB|getsys ACBP=A9
 0002:0000B8D4 000000E4 C=DATA    S=_DATA    G=DGROUP   M=C:\XHARBOUR-BCC.5.5.1\LIB\RTL.LIB|memvarbl ACBP=A9
 0002:0000B9B8 00000954 C=DATA    S=_DATA    G=DGROUP   M=C:\XHARBOUR-BCC.5.5.1\LIB\RTL.LIB|menuto ACBP=A9
 0002:0000C30C 00000BFC C=DATA    S=_DATA    G=DGROUP   M=C:\XHARBOUR-BCC.5.5.1\LIB\RTL.LIB|mssgline ACBP=A9
 0002:0000CF08 00001170 C=DATA    S=_DATA    G=DGROUP   M=C:\XHARBOUR-BCC.5.5.1\LIB\RTL.LIB|objfunc ACBP=A9
 0002:0000E078 000000E0 C=DATA    S=_DATA    G=DGROUP   M=C:\XHARBOUR-BCC.5.5.1\LIB\RTL.LIB|readvar ACBP=A9
 0002:0000E158 00001368 C=DATA    S=_DATA    G=DGROUP   M=C:\XHARBOUR-BCC.5.5.1\LIB\RTL.LIB|tbcolumn ACBP=A9
 0002:0000F4C0 0000AB24 C=DATA    S=_DATA    G=DGROUP   M=C:\XHARBOUR-BCC.5.5.1\LIB\RTL.LIB|tbrowse ACBP=A9
 0002:00019FE4 000019E4 C=DATA    S=_DATA    G=DGROUP   M=C:\XHARBOUR-BCC.5.5.1\LIB\RTL.LIB|tclass ACBP=A9
 0002:0001B9C8 00006924 C=DATA    S=_DATA    G=DGROUP   M=C:\XHARBOUR-BCC.5.5.1\LIB\RTL.LIB|tget ACBP=A9
 0002:000222EC 000003BC C=DATA    S=_DATA    G=DGROUP   M=C:\XHARBOUR-BCC.5.5.1\LIB\RTL.LIB|tgetint ACBP=A9
 0002:000226A8 00004130 C=DATA    S=_DATA    G=DGROUP   M=C:\XHARBOUR-BCC.5.5.1\LIB\RTL.LIB|tgetlist ACBP=A9
 0002:000267D8 00000C70 C=DATA    S=_DATA    G=DGROUP   M=C:\XHARBOUR-BCC.5.5.1\LIB\RTL.LIB|tobject ACBP=A9
 0002:00027448 000004C4 C=DATA    S=_DATA    G=DGROUP   M=C:\XHARBOUR-BCC.5.5.1\LIB\RTL.LIB|traceprg ACBP=A9
 0002:0002790C 00000014 C=DATA    S=_DATA    G=DGROUP   M=C:\XHARBOUR-BCC.5.5.1\LIB\RDD.LIB|dbcmd ACBP=A9
 0002:00027920 000001D8 C=DATA    S=_DATA    G=DGROUP   M=C:\XHARBOUR-BCC.5.5.1\LIB\RDD.LIB|workarea ACBP=A9
 0002:00027AF8 00000034 C=DATA    S=_DATA    G=DGROUP   M=C:\XHARBOUR-BCC.5.5.1\LIB\RDD.LIB|wacore ACBP=A9
 0002:00027B2C 00000030 C=DATA    S=_DATA    G=DGROUP   M=C:\XHARBOUR-BCC.5.5.1\LIB\RDD.LIB|wafunc ACBP=A9
 0002:00027B5C 00000280 C=DATA    S=_DATA    G=DGROUP   M=C:\XHARBOUR-BCC.5.5.1\LIB\RDD.LIB|dbf1 ACBP=A9
 0002:00027DDC 0000030C C=DATA    S=_DATA    G=DGROUP   M=C:\XHARBOUR-BCC.5.5.1\LIB\RDD.LIB|rddord ACBP=A9
 0002:000280E8 00000074 C=DATA    S=_DATA    G=DGROUP   M=C:\XHARBOUR-BCC.5.5.1\LIB\RDD.LIB|rddsys ACBP=A9
 0002:0002815C 000021FC C=DATA    S=_DATA    G=DGROUP   M=C:\XHARBOUR-BCC.5.5.1\LIB\MACRO.LIB|macroy ACBP=A9
 0002:0002A358 0000003F C=DATA    S=_DATA    G=DGROUP   M=C:\XHARBOUR-BCC.5.5.1\LIB\MACRO.LIB|macroa ACBP=A9
 0002:0002A398 00000170 C=DATA    S=_DATA    G=DGROUP   M=C:\XHARBOUR-BCC.5.5.1\LIB\MACRO.LIB|macrob ACBP=A9
 0002:0002A508 00000D18 C=DATA    S=_DATA    G=DGROUP   M=C:\XHARBOUR-BCC.5.5.1\LIB\MACRO.LIB|macroslx ACBP=A9
 0002:0002B220 00000498 C=DATA    S=_DATA    G=DGROUP   M=C:\XHARBOUR-BCC.5.5.1\LIB\DBFNTX.LIB|dbfntx1 ACBP=A9
 0002:0002B6B8 0000027C C=DATA    S=_DATA    G=DGROUP   M=C:\XHARBOUR-BCC.5.5.1\LIB\DBFFPT.LIB|dbffpt1 ACBP=A9
 0002:0002B934 00000008 C=DATA    S=_DATA    G=DGROUP   M=C:\XHARBOUR-BCC.5.5.1\LIB\COMMON.LIB|hbfsapi ACBP=A9
 0002:0002B93C 00000688 C=DATA    S=_DATA    G=DGROUP   M=C:\XHARBOUR-BCC.5.5.1\LIB\COMMON.LIB|hbstr ACBP=A9
 0002:0002BFC4 000000C0 C=DATA    S=_DATA    G=DGROUP   M=C:\XHARBOUR-BCC.5.5.1\LIB\COMMON.LIB|hbtrace ACBP=A9
 0002:0002C084 0000100C C=DATA    S=_DATA    G=DGROUP   M=C:\XHARBOUR-BCC.5.5.1\LIB\COMMON.LIB|hbver ACBP=A9
 0002:0002D090 000001BC C=DATA    S=_DATA    G=DGROUP   M=C:\XHARBOUR-BCC.5.5.1\LIB\COMMON.LIB|expropt1 ACBP=A9
 0002:0002D24C 0000025C C=DATA    S=_DATA    G=DGROUP   M=C:\XHARBOUR-BCC.5.5.1\LIB\COMMON.LIB|reserved ACBP=A9
 0002:0002D4A8 00000088 C=DATA    S=_DATA    G=DGROUP   M=C:\XHARBOUR-BCC.5.5.1\LIB\COMMON.LIB|hbdate ACBP=A9
 0002:0002D530 00000B04 C=DATA    S=_DATA    G=DGROUP   M=C:\XHARBOUR-BCC.5.5.1\LIB\GTWIN.LIB|gtwin ACBP=A9
 0002:0002E034 00000440 C=DATA    S=_DATA    G=DGROUP   M=C:\XHARBOUR-BCC.5.5.1\LIB\PCREPOS.LIB|pcre_chartables ACBP=A9
 0002:0002E474 00000C74 C=DATA    S=_DATA    G=DGROUP   M=C:\XHARBOUR-BCC.5.5.1\LIB\PCREPOS.LIB|pcre_compile ACBP=A9
 0002:0002F0E8 0000000C C=DATA    S=_DATA    G=DGROUP   M=C:\XHARBOUR-BCC.5.5.1\LIB\PCREPOS.LIB|pcre_exec ACBP=A9
 0002:0002F0F4 00000014 C=DATA    S=_DATA    G=DGROUP   M=C:\XHARBOUR-BCC.5.5.1\LIB\PCREPOS.LIB|pcre_globals ACBP=A9
 0002:0002F108 00000070 C=DATA    S=_DATA    G=DGROUP   M=C:\XHARBOUR-BCC.5.5.1\LIB\PCREPOS.LIB|pcre_tables ACBP=A9
 0002:0002F178 00000298 C=DATA    S=_DATA    G=DGROUP   M=C:\XHARBOUR-BCC.5.5.1\LIB\PCREPOS.LIB|pcreposix ACBP=A9
 0002:0002F410 00000004 C=DATA    S=_DATA    G=DGROUP   M=C:\BORLAND\BCC55\LIB\CW32.LIB|virtmem ACBP=A9
 0002:0002F414 00000098 C=DATA    S=_DATA    G=DGROUP   M=C:\BORLAND\BCC55\LIB\CW32.LIB|hrdir_b ACBP=A9
 0002:0002F4AC 00000020 C=DATA    S=_DATA    G=DGROUP   M=C:\BORLAND\BCC55\LIB\CW32.LIB|hrdir_s ACBP=A9
 0002:0002F4CC 00000040 C=DATA    S=_DATA    G=DGROUP   M=C:\BORLAND\BCC55\LIB\CW32.LIB|heap ACBP=A9
 0002:0002F50C 00000004 C=DATA    S=_DATA    G=DGROUP   M=C:\BORLAND\BCC55\LIB\CW32.LIB|xx_xpf ACBP=A9
 0002:0002F510 00000330 C=DATA    S=_DATA    G=DGROUP   M=C:\BORLAND\BCC55\LIB\CW32.LIB|xxtype ACBP=A9
 0002:0002F830 0000003C C=DATA    S=_DATA    G=DGROUP   M=C:\BORLAND\BCC55\LIB\CW32.LIB|xxut ACBP=A9
 0002:0002F86C 000000E4 C=DATA    S=_DATA    G=DGROUP   M=C:\BORLAND\BCC55\LIB\CW32.LIB|xxv ACBP=A9
 0002:0002F950 00000014 C=DATA    S=_DATA    G=DGROUP   M=C:\BORLAND\BCC55\LIB\CW32.LIB|except ACBP=A9
 0002:0002F964 0000000C C=DATA    S=_DATA    G=DGROUP   M=C:\BORLAND\BCC55\LIB\CW32.LIB|__dup2 ACBP=A9
 0002:0002F970 00000004 C=DATA    S=_DATA    G=DGROUP   M=C:\BORLAND\BCC55\LIB\CW32.LIB|_cfinfo ACBP=A9
 0002:0002F974 00000004 C=DATA    S=_DATA    G=DGROUP   M=C:\BORLAND\BCC55\LIB\CW32.LIB|_umask ACBP=A9
 0002:0002F978 00000004 C=DATA    S=_DATA    G=DGROUP   M=C:\BORLAND\BCC55\LIB\CW32.LIB|cfinfo ACBP=A9
 0002:0002F97C 000004B0 C=DATA    S=_DATA    G=DGROUP   M=C:\BORLAND\BCC55\LIB\CW32.LIB|files ACBP=A9
 0002:0002FE2C 000000CC C=DATA    S=_DATA    G=DGROUP   M=C:\BORLAND\BCC55\LIB\CW32.LIB|files2 ACBP=A9
 0002:0002FEF8 00000004 C=DATA    S=_DATA    G=DGROUP   M=C:\BORLAND\BCC55\LIB\CW32.LIB|fmode ACBP=A9
 0002:0002FEFC 00000004 C=DATA    S=_DATA    G=DGROUP   M=C:\BORLAND\BCC55\LIB\CW32.LIB|fmodeptr ACBP=A9
 0002:0002FF00 0000012B C=DATA    S=_DATA    G=DGROUP   M=C:\BORLAND\BCC55\LIB\CW32.LIB|ioerror ACBP=A9
 0002:0003002C 0000000C C=DATA    S=_DATA    G=DGROUP   M=C:\BORLAND\BCC55\LIB\CW32.LIB|mkname ACBP=A9
 0002:00030038 0000047C C=DATA    S=_DATA    G=DGROUP   M=C:\BORLAND\BCC55\LIB\CW32.LIB|perror ACBP=A9
 0002:000304B4 00000018 C=DATA    S=_DATA    G=DGROUP   M=C:\BORLAND\BCC55\LIB\CW32.LIB|stat ACBP=A9
 0002:000304CC 00000076 C=DATA    S=_DATA    G=DGROUP   M=C:\BORLAND\BCC55\LIB\CW32.LIB|vprinter ACBP=A9
 0002:00030544 00000202 C=DATA    S=_DATA    G=DGROUP   M=C:\BORLAND\BCC55\LIB\CW32.LIB|bigctype ACBP=A9
 0002:00030748 00000100 C=DATA    S=_DATA    G=DGROUP   M=C:\BORLAND\BCC55\LIB\CW32.LIB|cupper ACBP=A9
 0002:00030848 00000260 C=DATA    S=_DATA    G=DGROUP   M=C:\BORLAND\BCC55\LIB\CW32.LIB|clocale ACBP=A9
 0002:00030AA8 00000010 C=DATA    S=_DATA    G=DGROUP   M=C:\BORLAND\BCC55\LIB\CW32.LIB|_matherr ACBP=A9
 0002:00030AB8 000000C0 C=DATA    S=_DATA    G=DGROUP   M=C:\BORLAND\BCC55\LIB\CW32.LIB|_pow10 ACBP=A9
 0002:00030B78 00000068 C=DATA    S=_DATA    G=DGROUP   M=C:\BORLAND\BCC55\LIB\CW32.LIB|cvtfak ACBP=A9
 0002:00030BE0 00000068 C=DATA    S=_DATA    G=DGROUP   M=C:\BORLAND\BCC55\LIB\CW32.LIB|cvtfakw ACBP=A9
 0002:00030C48 00000004 C=DATA    S=_DATA    G=DGROUP   M=C:\BORLAND\BCC55\LIB\CW32.LIB|deflt87 ACBP=A9
 0002:00030C4C 0000000C C=DATA    S=_DATA    G=DGROUP   M=C:\BORLAND\BCC55\LIB\CW32.LIB|exp ACBP=A9
 0002:00030C58 00000012 C=DATA    S=_DATA    G=DGROUP   M=C:\BORLAND\BCC55\LIB\CW32.LIB|f87exp ACBP=A9
 0002:00030C6C 00000016 C=DATA    S=_DATA    G=DGROUP   M=C:\BORLAND\BCC55\LIB\CW32.LIB|f87log ACBP=A9
 0002:00030C84 0000007C C=DATA    S=_DATA    G=DGROUP   M=C:\BORLAND\BCC55\LIB\CW32.LIB|hugeval ACBP=A9
 0002:00030D00 00000008 C=DATA    S=_DATA    G=DGROUP   M=C:\BORLAND\BCC55\LIB\CW32.LIB|initcvt ACBP=A9
 0002:00030D08 0000000C C=DATA    S=_DATA    G=DGROUP   M=C:\BORLAND\BCC55\LIB\CW32.LIB|log ACBP=A9
 0002:00030D14 00000008 C=DATA    S=_DATA    G=DGROUP   M=C:\BORLAND\BCC55\LIB\CW32.LIB|mathptr ACBP=A9
 0002:00030D1C 00000044 C=DATA    S=_DATA    G=DGROUP   M=C:\BORLAND\BCC55\LIB\CW32.LIB|mathwhy ACBP=A9
 0002:00030D60 0000001C C=DATA    S=_DATA    G=DGROUP   M=C:\BORLAND\BCC55\LIB\CW32.LIB|pow ACBP=A9
 0002:00030D7C 00000008 C=DATA    S=_DATA    G=DGROUP   M=C:\BORLAND\BCC55\LIB\CW32.LIB|rand ACBP=A9
 0002:00030D84 00000014 C=DATA    S=_DATA    G=DGROUP   M=C:\BORLAND\BCC55\LIB\CW32.LIB|realcvt ACBP=A9
 0002:00030D98 00000028 C=DATA    S=_DATA    G=DGROUP   M=C:\BORLAND\BCC55\LIB\CW32.LIB|realcvtw ACBP=A9
 0002:00030DC0 00000028 C=DATA    S=_DATA    G=DGROUP   M=C:\BORLAND\BCC55\LIB\CW32.LIB|scantod ACBP=A9
 0002:00030DE8 00000028 C=DATA    S=_DATA    G=DGROUP   M=C:\BORLAND\BCC55\LIB\CW32.LIB|scanwtod ACBP=A9
 0002:00030E10 00000010 C=DATA    S=_DATA    G=DGROUP   M=C:\BORLAND\BCC55\LIB\CW32.LIB|sqrt ACBP=A9
 0002:00030E20 00000048 C=DATA    S=_DATA    G=DGROUP   M=C:\BORLAND\BCC55\LIB\CW32.LIB|mbctype ACBP=A9
 0002:00030E68 00000024 C=DATA    S=_DATA    G=DGROUP   M=C:\BORLAND\BCC55\LIB\CW32.LIB|assert ACBP=A9
 0002:00030E8C 00000024 C=DATA    S=_DATA    G=DGROUP   M=C:\BORLAND\BCC55\LIB\CW32.LIB|ermsghlp ACBP=A9
 0002:00030EB0 00000004 C=DATA    S=_DATA    G=DGROUP   M=C:\BORLAND\BCC55\LIB\CW32.LIB|errno ACBP=A9
 0002:00030EB4 00000010 C=DATA    S=_DATA    G=DGROUP   M=C:\BORLAND\BCC55\LIB\CW32.LIB|errormsg ACBP=A9
 0002:00030EC4 00000028 C=DATA    S=_DATA    G=DGROUP   M=C:\BORLAND\BCC55\LIB\CW32.LIB|platform ACBP=A9
 0002:00030EEC 00000020 C=DATA    S=_DATA    G=DGROUP   M=C:\BORLAND\BCC55\LIB\CW32.LIB|abort ACBP=A9
 0002:00030F0C 00000004 C=DATA    S=_DATA    G=DGROUP   M=C:\BORLAND\BCC55\LIB\CW32.LIB|patexit ACBP=A9
 0002:00030F10 0000000C C=DATA    S=_DATA    G=DGROUP   M=C:\BORLAND\BCC55\LIB\CW32.LIB|exit ACBP=A9
 0002:00030F1C 00000008 C=DATA    S=_DATA    G=DGROUP   M=C:\BORLAND\BCC55\LIB\CW32.LIB|saptr ACBP=A9
 0002:00030F24 00000008 C=DATA    S=_DATA    G=DGROUP   M=C:\BORLAND\BCC55\LIB\CW32.LIB|wsaptr ACBP=A9
 0002:00030F2C 00000054 C=DATA    S=_DATA    G=DGROUP   M=C:\BORLAND\BCC55\LIB\CW32.LIB|setargv ACBP=A9
 0002:00030F80 00000028 C=DATA    S=_DATA    G=DGROUP   M=C:\BORLAND\BCC55\LIB\CW32.LIB|hsargv ACBP=A9
 0002:00030FA8 00000024 C=DATA    S=_DATA    G=DGROUP   M=C:\BORLAND\BCC55\LIB\CW32.LIB|whsargv ACBP=A9
 0002:00030FCC 00000004 C=DATA    S=_DATA    G=DGROUP   M=C:\BORLAND\BCC55\LIB\CW32.LIB|wildptr ACBP=A9
 0002:00030FD0 00000004 C=DATA    S=_DATA    G=DGROUP   M=C:\BORLAND\BCC55\LIB\CW32.LIB|wwildptr ACBP=A9
 0002:00030FD4 00000020 C=DATA    S=_DATA    G=DGROUP   M=C:\BORLAND\BCC55\LIB\CW32.LIB|setargv0 ACBP=A9
 0002:00030FF4 00000054 C=DATA    S=_DATA    G=DGROUP   M=C:\BORLAND\BCC55\LIB\CW32.LIB|setenvp ACBP=A9
 0002:00031048 0000005E C=DATA    S=_DATA    G=DGROUP   M=C:\BORLAND\BCC55\LIB\CW32.LIB|signal ACBP=A9
 0002:000310A8 00000004 C=DATA    S=_DATA    G=DGROUP   M=C:\BORLAND\BCC55\LIB\CW32.LIB|globals ACBP=A9
 0002:000310AC 00000004 C=DATA    S=_DATA    G=DGROUP   M=C:\BORLAND\BCC55\LIB\CW32.LIB|initexit ACBP=A9
 0002:000310B0 000001C4 C=DATA    S=_DATA    G=DGROUP   M=C:\BORLAND\BCC55\LIB\CW32.LIB|timedata ACBP=A9
 0002:00031274 00000008 C=DATA    S=_DATA    G=DGROUP   M=C:\BORLAND\BCC55\LIB\CW32.LIB|tzdata ACBP=A9
 0002:0003127C 00000010 C=DATA    S=_DATA    G=DGROUP   M=C:\BORLAND\BCC55\LIB\CW32.LIB|tzset ACBP=A9
 0002:0003128C 0000088C C=DATA    S=_DATA    G=DGROUP   M=C:\BORLAND\BCC55\LIB\CW32.LIB|xx ACBP=A9
 0003:00000000 00000018 C=BSS     S=_BSS     G=DGROUP   M=C:\SCI\PROJETO.OBJ ACBP=A9
 0003:00000018 00000018 C=BSS     S=_BSS     G=DGROUP   M=C:\XHARBOUR-BCC.5.5.1\LIB\VM.LIB|cmdarg ACBP=A9
 0003:00000030 00000004 C=BSS     S=_BSS     G=DGROUP   M=C:\XHARBOUR-BCC.5.5.1\LIB\VM.LIB|errorapi ACBP=A9
 0003:00000034 0000119E C=BSS     S=_BSS     G=DGROUP   M=C:\XHARBOUR-BCC.5.5.1\LIB\VM.LIB|estack ACBP=A9
 0003:000011D4 00000018 C=BSS     S=_BSS     G=DGROUP   M=C:\XHARBOUR-BCC.5.5.1\LIB\VM.LIB|extend ACBP=A9
 0003:000011EC 0000018A C=BSS     S=_BSS     G=DGROUP   M=C:\XHARBOUR-BCC.5.5.1\LIB\VM.LIB|hbi18n ACBP=A9
 0003:00001378 00000038 C=BSS     S=_BSS     G=DGROUP   M=C:\XHARBOUR-BCC.5.5.1\LIB\VM.LIB|hvm ACBP=A9
 0003:000013B0 00000018 C=BSS     S=_BSS     G=DGROUP   M=C:\XHARBOUR-BCC.5.5.1\LIB\VM.LIB|harbinit ACBP=A9
 0003:000013C8 00000300 C=BSS     S=_BSS     G=DGROUP   M=C:\XHARBOUR-BCC.5.5.1\LIB\VM.LIB|mainwin ACBP=A9
 0003:000016C8 00000004 C=BSS     S=_BSS     G=DGROUP   M=C:\XHARBOUR-BCC.5.5.1\LIB\RTL.LIB|console ACBP=A9
 0003:000016CC 00000212 C=BSS     S=_BSS     G=DGROUP   M=C:\XHARBOUR-BCC.5.5.1\LIB\RTL.LIB|filesys ACBP=A9
 0003:000018E0 00000008 C=BSS     S=_BSS     G=DGROUP   M=C:\XHARBOUR-BCC.5.5.1\LIB\RTL.LIB|gtclip ACBP=A9
 0003:000018E8 0000010C C=BSS     S=_BSS     G=DGROUP   M=C:\XHARBOUR-BCC.5.5.1\LIB\RTL.LIB|hbgtcore ACBP=A9
 0003:000019F4 00000200 C=BSS     S=_BSS     G=DGROUP   M=C:\XHARBOUR-BCC.5.5.1\LIB\RTL.LIB|langapi ACBP=A9
 0003:00001BF4 00000790 C=BSS     S=_BSS     G=DGROUP   M=C:\XHARBOUR-BCC.5.5.1\LIB\RTL.LIB|set ACBP=A9
 0003:00002384 00000004 C=BSS     S=_BSS     G=DGROUP   M=C:\XHARBOUR-BCC.5.5.1\LIB\RTL.LIB|setkey ACBP=A9
 0003:00002388 00000018 C=BSS     S=_BSS     G=DGROUP   M=C:\XHARBOUR-BCC.5.5.1\LIB\RTL.LIB|version ACBP=A9
 0003:000023A0 00000004 C=BSS     S=_BSS     G=DGROUP   M=C:\XHARBOUR-BCC.5.5.1\LIB\RTL.LIB|xsavescr ACBP=A9
 0003:000023A4 00000018 C=BSS     S=_BSS     G=DGROUP   M=C:\XHARBOUR-BCC.5.5.1\LIB\RTL.LIB|alert ACBP=A9
 0003:000023BC 00000018 C=BSS     S=_BSS     G=DGROUP   M=C:\XHARBOUR-BCC.5.5.1\LIB\RTL.LIB|color53 ACBP=A9
 0003:000023D4 00000018 C=BSS     S=_BSS     G=DGROUP   M=C:\XHARBOUR-BCC.5.5.1\LIB\RTL.LIB|cstr ACBP=A9
 0003:000023EC 00000018 C=BSS     S=_BSS     G=DGROUP   M=C:\XHARBOUR-BCC.5.5.1\LIB\RTL.LIB|errorsys ACBP=A9
 0003:00002404 00000018 C=BSS     S=_BSS     G=DGROUP   M=C:\XHARBOUR-BCC.5.5.1\LIB\RTL.LIB|getlist ACBP=A9
 0003:0000241C 00000018 C=BSS     S=_BSS     G=DGROUP   M=C:\XHARBOUR-BCC.5.5.1\LIB\RTL.LIB|getsys ACBP=A9
 0003:00002434 00000018 C=BSS     S=_BSS     G=DGROUP   M=C:\XHARBOUR-BCC.5.5.1\LIB\RTL.LIB|memvarbl ACBP=A9
 0003:0000244C 00000018 C=BSS     S=_BSS     G=DGROUP   M=C:\XHARBOUR-BCC.5.5.1\LIB\RTL.LIB|menuto ACBP=A9
 0003:00002464 00000018 C=BSS     S=_BSS     G=DGROUP   M=C:\XHARBOUR-BCC.5.5.1\LIB\RTL.LIB|mssgline ACBP=A9
 0003:0000247C 00000018 C=BSS     S=_BSS     G=DGROUP   M=C:\XHARBOUR-BCC.5.5.1\LIB\RTL.LIB|objfunc ACBP=A9
 0003:00002494 00000018 C=BSS     S=_BSS     G=DGROUP   M=C:\XHARBOUR-BCC.5.5.1\LIB\RTL.LIB|readvar ACBP=A9
 0003:000024AC 00000018 C=BSS     S=_BSS     G=DGROUP   M=C:\XHARBOUR-BCC.5.5.1\LIB\RTL.LIB|tbcolumn ACBP=A9
 0003:000024C4 00000018 C=BSS     S=_BSS     G=DGROUP   M=C:\XHARBOUR-BCC.5.5.1\LIB\RTL.LIB|tbrowse ACBP=A9
 0003:000024DC 00000018 C=BSS     S=_BSS     G=DGROUP   M=C:\XHARBOUR-BCC.5.5.1\LIB\RTL.LIB|tclass ACBP=A9
 0003:000024F4 00000018 C=BSS     S=_BSS     G=DGROUP   M=C:\XHARBOUR-BCC.5.5.1\LIB\RTL.LIB|tget ACBP=A9
 0003:0000250C 00000018 C=BSS     S=_BSS     G=DGROUP   M=C:\XHARBOUR-BCC.5.5.1\LIB\RTL.LIB|tgetint ACBP=A9
 0003:00002524 00000018 C=BSS     S=_BSS     G=DGROUP   M=C:\XHARBOUR-BCC.5.5.1\LIB\RTL.LIB|tgetlist ACBP=A9
 0003:0000253C 00000018 C=BSS     S=_BSS     G=DGROUP   M=C:\XHARBOUR-BCC.5.5.1\LIB\RTL.LIB|tobject ACBP=A9
 0003:00002554 00000018 C=BSS     S=_BSS     G=DGROUP   M=C:\XHARBOUR-BCC.5.5.1\LIB\RTL.LIB|traceprg ACBP=A9
 0003:0000256C 000001A4 C=BSS     S=_BSS     G=DGROUP   M=C:\XHARBOUR-BCC.5.5.1\LIB\RDD.LIB|dbf1 ACBP=A9
 0003:00002710 00000018 C=BSS     S=_BSS     G=DGROUP   M=C:\XHARBOUR-BCC.5.5.1\LIB\RDD.LIB|rddord ACBP=A9
 0003:00002728 00000018 C=BSS     S=_BSS     G=DGROUP   M=C:\XHARBOUR-BCC.5.5.1\LIB\RDD.LIB|rddsys ACBP=A9
 0003:00002740 00000044 C=BSS     S=_BSS     G=DGROUP   M=C:\XHARBOUR-BCC.5.5.1\LIB\MACRO.LIB|macroy ACBP=A9
 0003:00002784 00004AE0 C=BSS     S=_BSS     G=DGROUP   M=C:\XHARBOUR-BCC.5.5.1\LIB\MACRO.LIB|macroslx ACBP=A9
 0003:00007264 000001A8 C=BSS     S=_BSS     G=DGROUP   M=C:\XHARBOUR-BCC.5.5.1\LIB\DBFNTX.LIB|dbfntx1 ACBP=A9
 0003:0000740C 000001A4 C=BSS     S=_BSS     G=DGROUP   M=C:\XHARBOUR-BCC.5.5.1\LIB\DBFFPT.LIB|dbffpt1 ACBP=A9
 0003:000075B0 00000858 C=BSS     S=_BSS     G=DGROUP   M=C:\XHARBOUR-BCC.5.5.1\LIB\GTWIN.LIB|gtwin ACBP=A9
 0003:00007E08 00000018 C=BSS     S=_BSS     G=DGROUP   M=C:\BORLAND\BCC55\LIB\CW32.LIB|hrdir_b ACBP=A9
 0003:00007E20 00000410 C=BSS     S=_BSS     G=DGROUP   M=C:\BORLAND\BCC55\LIB\CW32.LIB|xxtype ACBP=A9
 0003:00008230 00000008 C=BSS     S=_BSS     G=DGROUP   M=C:\BORLAND\BCC55\LIB\CW32.LIB|xxv ACBP=A9
 0003:00008238 00000008 C=BSS     S=_BSS     G=DGROUP   M=C:\BORLAND\BCC55\LIB\CW32.LIB|except ACBP=A9
 0003:00008240 00000190 C=BSS     S=_BSS     G=DGROUP   M=C:\BORLAND\BCC55\LIB\CW32.LIB|files2 ACBP=A9
 0003:000083D0 00000004 C=BSS     S=_BSS     G=DGROUP   M=C:\BORLAND\BCC55\LIB\CW32.LIB|ioerror ACBP=A9
 0003:000083D4 00000001 C=BSS     S=_BSS     G=DGROUP   M=C:\BORLAND\BCC55\LIB\CW32.LIB|lgetc ACBP=A9
 0003:000083D8 0000000F C=BSS     S=_BSS     G=DGROUP   M=C:\BORLAND\BCC55\LIB\CW32.LIB|mkname ACBP=A9
 0003:000083E8 00000108 C=BSS     S=_BSS     G=DGROUP   M=C:\BORLAND\BCC55\LIB\CW32.LIB|mbctype ACBP=A9
 0003:000084F0 00000100 C=BSS     S=_BSS     G=DGROUP   M=C:\BORLAND\BCC55\LIB\CW32.LIB|assert ACBP=A9
 0003:000085F0 00000019 C=BSS     S=_BSS     G=DGROUP   M=C:\BORLAND\BCC55\LIB\CW32.LIB|ermsghlp ACBP=A9
 0003:0000860C 00000004 C=BSS     S=_BSS     G=DGROUP   M=C:\BORLAND\BCC55\LIB\CW32.LIB|platform ACBP=A9
 0003:00008610 00000008 C=BSS     S=_BSS     G=DGROUP   M=C:\BORLAND\BCC55\LIB\CW32.LIB|qsort ACBP=A9
 0003:00008618 0000000C C=BSS     S=_BSS     G=DGROUP   M=C:\BORLAND\BCC55\LIB\CW32.LIB|setargv ACBP=A9
 0003:00008624 00000004 C=BSS     S=_BSS     G=DGROUP   M=C:\BORLAND\BCC55\LIB\CW32.LIB|hsargv ACBP=A9
 0003:00008628 00000004 C=BSS     S=_BSS     G=DGROUP   M=C:\BORLAND\BCC55\LIB\CW32.LIB|whsargv ACBP=A9
 0003:0000862C 00000010 C=BSS     S=_BSS     G=DGROUP   M=C:\BORLAND\BCC55\LIB\CW32.LIB|setenvp ACBP=A9
 0003:0000863C 00000040 C=BSS     S=_BSS     G=DGROUP   M=C:\BORLAND\BCC55\LIB\CW32.LIB|globals ACBP=A9
 0003:0000867C 00000008 C=BSS     S=_BSS     G=DGROUP   M=C:\BORLAND\BCC55\LIB\CW32.LIB|tzset ACBP=A9
 0003:00008684 00000010 C=BSS     S=_BSS     G=DGROUP   M=C:\BORLAND\BCC55\LIB\CW32.LIB|xx ACBP=A9
 0004:00000000 0000009C C=TLS     S=_TLS     G=DGROUP   M=C:\BORLAND\BCC55\LIB\CW32.LIB|xxv ACBP=A9

  Address         Publics by Name

 0001:0008C3DC      @$bdele$qpv
 0001:0008C3EC      @$bdla$qpv
 0003:00007E08      @B1385_2
 0003:00000018      @B151_2
 0003:00000030      @B165_2
 0003:00000034      @B167_2
 0003:00007E20      @B1696_2
 0003:00008230      @B1700_2
 0003:00008238      @B1706_2
 0003:000011D4      @B173_2
 0003:000011EC      @B181_2
 0003:00001378      @B183_2
 0003:00008240      @B1894_1
 0003:000083D0      @B1969_2
 0003:000083D4      @B1975_1
 0003:000083D8      @B1993_2
 0003:000013B0      @B213_2
 0003:000013C8      @B219_2
 0003:000016C8      @B243_2
 0003:000083E8      @B2593_2
 0003:000084F0      @B2729_2
 0003:000085F0      @B2745_2
 0003:0000860C      @B2757_2
 0003:00008610      @B2761_1
 0003:000016CC      @B277_2
 0003:00008618      @B2838_2
 0003:00008624      @B2840_2
 0003:00008628      @B2842_2
 0003:0000862C      @B2913_2
 0003:0000863C      @B2935_1
 0003:0000867C      @B2974_2
 0003:00000000      @B2_2
 0003:000018E0      @B301_1
 0003:00008684      @B3029_2
 0003:000018E8      @B331_2
 0003:000019F4      @B363_2
 0003:00001BF4      @B437_2
 0003:00002384      @B447_1
 0003:00002388      @B503_2
 0003:000023A0      @B509_2
 0003:000023A4      @B515_2
 0003:000023BC      @B529_2
 0003:000023D4      @B531_2
 0003:000023EC      @B551_2
 0003:00002404      @B555_2
 0003:0000241C      @B557_2
 0003:00002434      @B573_2
 0003:0000244C      @B575_2
 0003:00002464      @B577_2
 0003:0000247C      @B579_2
 0003:00002494      @B595_2
 0003:000024AC      @B609_2
 0003:000024C4      @B611_2
 0003:000024DC      @B613_2
 0003:000024F4      @B619_2
 0003:0000250C      @B621_2
 0003:00002524      @B623_2
 0003:0000253C      @B629_2
 0003:00002554      @B633_2
 0003:0000256C      @B685_2
 0003:00002710      @B729_2
 0003:00002728      @B733_2
 0003:00002740      @B735_2
 0003:00002784      @B743_2
 0003:00007264      @B755_2
 0003:0000740C      @B757_2
 0003:000075B0      @B783_2
 0001:00082E70      @C1279_0
 0001:0008811C      @C1285_0
 0001:0008B80C      @C1293_0
 0001:0008B888      @C1297_0
 0001:0008BA30      @C1307_0
 0001:0008BBBC      @C1319_0
 0001:0008BF48      @C1323_0
 0001:0008C2C0      @C1325_0
 0001:0008C3B0      @C1353_0
 0001:0008C3DC      @C1355_0
 0001:0008C3EC      @C1357_0
 0001:0008C3FC      @C1383_0
 0001:0008C510      @C1385_0
 0001:0008C5B0      @C1391_0
 0001:0008C5D0      @C1393_0
 0001:0008C5E8      @C1395_0
 0001:0008C684      @C1395_2
 0001:0008C6A0      @C1397_0
 0001:000003B8      @C139_0
 0001:0008C6A4      @C1401_0
 0001:00001F68      @C141_0
 0001:0008D070      @C1421_0
 0001:0008D304      @C1423_0
 0001:0008D308      @C1427_0
 0001:000054FC      @C143_0
 0001:00005998      @C145_0
 0001:000059B0      @C147_0
 0001:0000AC50      @C151_0
 0001:0000B20B      @C151_3
 0001:0000B250      @C153_0
 0001:0008D30C      @C1564_0
 0001:0008D32C      @C1568_0
 0001:0008D350      @C1572_0
 0001:0008D39C      @C1574_0
 0001:0008D428      @C1576_0
 0001:0008D440      @C1590_0
 0001:0008D47C      @C1592_0
 0001:0008D4D0      @C1594_0
 0001:0008D51C      @C1596_0
 0001:0008D54C      @C1598_0
 0001:0008D5A8      @C1600_0
 0001:0008D618      @C1602_0
 0001:0008D640      @C1616_0
 0001:0008D6AC      @C1622_0
 0001:0008D6E0      @C1628_0
 0001:0008D730      @C1634_0
 0001:0008D75C      @C1636_0
 0001:0000B530      @C163_0
 0001:0008D788      @C1644_0
 0001:0008D7DC      @C1648_0
 0001:0008D814      @C1650_0
 0001:0008D82C      @C1652_0
 0001:0000BC84      @C165_0
 0001:0000DAC8      @C167_0
 0001:0008D86C      @C1692_0
 0001:0008D8DC      @C1696_0
 0001:0008DA33      @C1696_3
 0001:0000E5C0      @C169_0
 0001:0008E0D0      @C1700_0
 0001:0008E0D0      @C1700_4
 0001:0008E21C      @C1702_0
 0001:0008E228      @C1706_0
 0001:0008E364      @C1706_3
 0001:0008E37C      @C1706_4
 0001:0008E3A4      @C1710_0
 0001:0008E3EC      @C1712_0
 0001:0008E410      @C1716_0
 0001:0008E44C      @C1718_0
 0001:0008E4AC      @C1720_0
 0001:0008E4C0      @C1722_0
 0001:0008E5B0      @C1724_0
 0001:0008E638      @C1728_0
 0001:0008E680      @C1730_0
 0001:0008E6F8      @C1732_0
 0001:0008E8F4      @C1734_0
 0001:0000F048      @C173_0
 0001:0008EA90      @C1740_0
 0001:0008EBAC      @C1742_0
 0001:00010AF8      @C175_0
 0001:00010CF5      @C175_1
 0001:0008EBC0      @C1760_0
 0001:00010EEC      @C177_0
 0001:0008EBF8      @C1784_0
 0001:0008EC5C      @C1792_0
 0001:00011DD8      @C179_0
 0001:0008EC64      @C1816_0
 0001:0008ECC8      @C1818_0
 0001:00015318      @C181_0
 0001:0008ECD0      @C1820_0
 0001:0008ED50      @C1826_0
 0001:0008EDEC      @C1834_0
 0001:000163EC      @C183_0
 0001:0008EDF4      @C1867_0
 0001:0008EDFC      @C1873_0
 0001:0002907C      @C187_0
 0001:0008EE8C      @C1881_0
 0001:000290B0      @C189_0
 0001:0008EF0C      @C1902_0
 0001:0008EF68      @C1906_0
 0001:0008EF8C      @C1911_0
 0001:0008F16C      @C1913_0
 0001:0008F190      @C1919_0
 0001:000290D0      @C191_0
 0001:0008F26C      @C1937_0
 0001:0002AFF4      @C193_0
 0001:0008F3AC      @C1945_0
 0001:0002B968      @C195_0
 0001:0008F480      @C1967_0
 0001:0008F73C      @C1969_0
 0001:0008F7B4      @C1975_0
 0001:0002D5B8      @C197_0
 0001:0008F954      @C1983_0
 0001:0008FA64      @C1993_0
 0001:00000000      @C1_0
 0001:0008FAF8      @C2003_0
 0001:0002F380      @C201_0
 0001:0002F3B0      @C203_0
 0001:0008FB1C      @C2044_0
 0001:0008FB88      @C2046_0
 0001:0008FBD8      @C2048_0
 0001:0008FCD8      @C2055_0
 0001:0008FD50      @C2063_0
 0001:0008FF58      @C2067_0
 0001:00090014      @C2067_1
 0001:00090070      @C2083_0
 0001:0009008C      @C2087_0
 0001:000900B0      @C2095_0
 0001:0002F6F4      @C211_0
 0001:0002F770      @C213_0
 0001:0002F770      @C213_3
 0001:00090A9C      @C2171_0
 0001:00090ACC      @C2173_0
 0001:00090AF4      @C2186_0
 0001:00090B48      @C2193_0
 0001:00090C4C      @C2195_0
 0001:00090D50      @C2197_0
 0001:00090D94      @C2199_0
 0001:0002F89C      @C219_0
 0001:0002F9B4      @C221_0
 0001:00090DEC      @C2241_0
 0001:00090E40      @C2245_0
 0001:0002FB14      @C227_0
 0001:00091310      @C2295_0
 0001:0002FDD0      @C229_0
 0001:00091510      @C2309_0
 0001:00091530      @C2315_0
 0001:0009155C      @C2319_0
 0001:000915A4      @C2329_0
 0001:00091654      @C2335_0
 0001:000917DC      @C2358_0
 0001:000303BC      @C235_0
 0001:00091854      @C2366_0
 0001:00091870      @C2370_0
 0001:00030634      @C237_0
 0001:00091884      @C2384_0
 0001:000918B4      @C2386_0
 0001:000918CC      @C2390_0
 0001:000918E4      @C2392_0
 0001:000918FC      @C2396_0
 0001:000324B8      @C239_0
 0001:00091914      @C2400_0
 0001:00091980      @C2408_0
 0001:00091A50      @C2410_0
 0001:00032564      @C241_0
 0001:00091A98      @C2428_0
 0001:00091AE8      @C2432_0
 0001:00091B00      @C2438_0
 0001:0003261C      @C243_0
 0001:00091B28      @C2440_0
 0001:00091B58      @C2442_0
 0001:00091B7C      @C2444_0
 0001:00091B90      @C2460_0
 0001:00091C44      @C2470_0
 0001:00091D5C      @C2472_0
 0001:000330C8      @C247_0
 0001:00091DCC      @C2480_0
 0001:00091E5C      @C2488_0
 0001:00091ED4      @C2494_0
 0001:00091F04      @C2496_0
 0001:000331FC      @C249_0
 0001:00091F1C      @C2502_0
 0001:00091F4C      @C2510_0
 0001:00092128      @C2518_0
 0001:00092150      @C2520_0
 0001:00092180      @C2522_0
 0001:0009219C      @C2522_2
 0001:00092210      @C2524_0
 0001:0009250C      @C2526_0
 0001:00092840      @C2531_0
 0001:0009286C      @C2533_0
 0001:00092D50      @C2535_0
 0001:00093230      @C2545_0
 0001:0009326C      @C2579_0
 0001:00034068      @C257_0
 0001:00093540      @C2581_0
 0001:00093834      @C2593_0
 0001:00093960      @C2593_3
 0001:00093970      @C2595_0
 0001:000939B0      @C2597_0
 0001:000939CC      @C2615_0
 0001:000342A8      @C261_0
 0001:000939E8      @C2635_0
 0001:00093A84      @C2653_0
 0001:00093AD8      @C2655_0
 0001:00093B98      @C2675_0
 0001:00093C04      @C2677_0
 0001:00034448      @C267_0
 0001:000345E8      @C269_0
 0001:00093C5C      @C2701_0
 0001:0003472C      @C271_0
 0001:00093C7C      @C2729_0
 0001:00034ED8      @C273_0
 0001:00093D24      @C2745_0
 0001:00093DDC      @C2749_0
 0001:00093F78      @C2757_0
 0001:00093F78      @C2757_3
 0001:00094004      @C2761_0
 0001:0009423C      @C2776_0
 0001:00034F50      @C277_0
 0001:00036A34      @C279_0
 0001:00094260      @C2814_0
 0001:00094308      @C2816_0
 0001:00094360      @C2822_0
 0001:0009437C      @C2824_0
 0001:00094390      @C2826_0
 0001:000943A4      @C2832_0
 0001:000943CC      @C2838_0
 0001:000943CC      @C2838_3
 0001:00094454      @C2838_4
 0001:00036B04      @C283_0
 0001:00094538      @C2840_0
 0001:00094720      @C2842_0
 0001:00036BD0      @C285_0
 0001:00037468      @C287_0
 0001:00094948      @C2899_0
 0001:00094948      @C2899_2
 0001:00094980      @C2899_3
 0001:00037560      @C289_0
 0001:00094990      @C2913_0
 0001:00094B10      @C2913_3
 0001:00094990      @C2913_4
 0001:00094B30      @C2917_0
 0001:00094E28      @C2936_0
 0001:00094F80      @C2938_0
 0001:00037870      @C293_0
 0001:00095124      @C2952_0
 0001:00037898      @C295_0
 0001:00095174      @C2970_0
 0001:00095418      @C2972_0
 0001:00095418      @C2972_2
 0001:00095420      @C2974_0
 0001:000955E8      @C2976_0
 0001:000955F0      @C2992_0
 0001:00000150      @C2_0
 0001:00000150      @C2_3
 0001:00095748      @C3002_0
 0001:00038774      @C301_0
 0001:00095798      @C3029_0
 0001:00095798      @C3029_3
 0001:00038968      @C303_0
 0001:00038D84      @C307_0
 0001:00038EF0      @C309_0
 0001:00039148      @C311_0
 0001:00039150      @C313_0
 0001:000391FC      @C317_0
 0001:000395DC      @C327_0
 0001:00039DB8      @C331_0
 0001:0003D8E0      @C333_0
 0001:0003DD2C      @C341_0
 0001:0003DF98      @C343_0
 0001:0003E6B4      @C349_0
 0001:0003EF9C      @C353_0
 0001:0003F3BC      @C355_0
 0001:0003F838      @C357_0
 0001:0003F948      @C359_0
 0001:0003FC94      @C363_0
 0001:0003FEF8      @C365_0
 0001:0003FFAC      @C367_0
 0001:0004001C      @C371_0
 0001:000409B4      @C373_0
 0001:00040AF4      @C377_0
 0001:00040FB0      @C383_0
 0001:00041230      @C387_0
 0001:000414A4      @C391_0
 0001:00041604      @C393_0
 0001:00041658      @C403_0
 0001:0004176C      @C405_0
 0001:00041854      @C407_0
 0001:00041934      @C409_0
 0001:00042530      @C415_0
 0001:00042614      @C419_0
 0001:000436D8      @C421_0
 0001:00043808      @C425_0
 0001:00043930      @C429_0
 0001:00043B10      @C431_0
 0001:00043CCC      @C433_0
 0001:00043F50      @C435_0
 0001:000441F0      @C437_0
 0001:00048534      @C443_0
 0001:0004865C      @C445_0
 0001:000486C0      @C447_0
 0001:00048C70      @C449_0
 0001:00048CF4      @C451_0
 0001:00048D20      @C457_0
 0001:00048D98      @C459_0
 0001:00048F90      @C461_0
 0001:0004912C      @C465_0
 0001:00049438      @C467_0
 0001:00049554      @C469_0
 0001:00049588      @C471_0
 0001:00049BD8      @C475_0
 0001:00049E98      @C479_0
 0001:00049FF8      @C481_0
 0001:0004A124      @C485_0
 0001:0004B144      @C487_0
 0001:0004B2C4      @C489_0
 0001:0004C9E4      @C491_0
 0001:0004CC08      @C495_0
 0001:0004CC74      @C497_0
 0001:000003A0      @C49_0
 0001:000003A5      @C49_2
 0001:0004CD04      @C501_0
 0001:0004D038      @C503_0
 0001:0004D362      @C503_3
 0001:0004D3A8      @C505_0
 0001:0004D3F0      @C507_0
 0001:0004D44C      @C509_0
 0001:0004D540      @C515_0
 0001:0004D540      @C515_3
 0001:0004D5D0      @C529_0
 0001:0004D5D0      @C529_3
 0001:0004D768      @C531_0
 0001:0004D768      @C531_3
 0001:0004D840      @C551_0
 0001:0004D840      @C551_3
 0001:0004DA64      @C555_0
 0001:0004DA64      @C555_3
 0001:0004DB0C      @C557_0
 0001:0004DB0C      @C557_3
 0001:0004DD7C      @C573_0
 0001:0004DD7C      @C573_3
 0001:0004DDDC      @C575_0
 0001:0004DDDC      @C575_3
 0001:0004DE84      @C577_0
 0001:0004DE84      @C577_3
 0001:0004DFBC      @C579_0
 0001:0004DFBC      @C579_3
 0001:0004E1FC      @C595_0
 0001:0004E1FC      @C595_3
 0001:0004E274      @C609_0
 0001:0004E274      @C609_3
 0001:0004E37C      @C611_0
 0001:0004E37C      @C611_3
 0001:0004EB2C      @C613_0
 0001:0004EB2C      @C613_3
 0001:0004ED9C      @C619_0
 0001:0004ED9C      @C619_3
 0001:0004F234      @C621_0
 0001:0004F234      @C621_3
 0001:0004F2C4      @C623_0
 0001:0004F2C4      @C623_3
 0001:0004F594      @C629_0
 0001:0004F594      @C629_3
 0001:0004F778      @C633_0
 0001:0004F778      @C633_3
 0001:0004F7F0      @C663_0
 0001:00052BA0      @C679_0
 0001:00054F00      @C681_0
 0001:000556D4      @C683_0
 0001:00056B44      @C685_0
 0001:0005EB7F      @C685_3
 0001:0005EBC4      @C685_4
 0001:0005EBD8      @C717_0
 0001:0005F248      @C729_0
 0001:0005F248      @C729_3
 0001:0005F350      @C733_0
 0001:0005F350      @C733_3
 0001:0005F3B0      @C735_0
 0001:00061B20      @C737_0
 0001:00061E40      @C739_0
 0001:0006787C      @C741_0
 0001:0006807C      @C743_0
 0001:0006A174      @C755_0
 0001:00074A17      @C755_3
 0001:00074A5C      @C755_4
 0001:00074A70      @C757_0
 0001:0007BC88      @C757_3
[...]
 0001:00091F1C      _modf
 0001:00091F4C      ___org_pow
 0001:00091F4C      @C2510_0
 0001:00091F4C      _pow
 0001:00092128      __qdiv10
 0001:00092128      @C2518_0
 0001:00092150      __qmul10
 0001:00092150      @C2520_0
 0001:00092180      _srand
 0001:00092180      @C2522_0
 0001:0009219C      @C2522_2
 0001:000921A8      _rand
 0001:000921C4      __lrand
 0001:00092210      @C2524_0
 0001:000924F4      __cvt_init
 0001:0009250C      @C2526_0
 0001:00092828      __cvt_initw
 0001:00092840      __round
 0001:00092840      @C2531_0
 0001:0009286C      @C2533_0
 0001:00092D38      __scan_init
 0001:00092D50      @C2535_0
 0001:00093218      __scan_initw
 0001:00093230      ___org_sqrt
 0001:00093230      @C2545_0
 0001:00093230      _sqrt
 0001:0009326C      @C2579_0
 0001:0009326C      ___xcvt
 0001:00093540      ___xcvtw
 0001:00093540      @C2581_0
 0001:00093834      @C2593_0
 0001:00093834      __setmbcp
 0001:00093958      __getmbcp
 0001:00093960      __initMBCSTable
 0001:00093960      @C2593_3
 0001:00093970      @C2595_0
 0001:00093970      __ismbcalpha
 0001:000939B0      @C2597_0
 0001:000939B0      __ismbcdigit
 0001:000939CC      __ismbcspace
 0001:000939CC      @C2615_0
 0001:000939E8      __mbsicmp
 0001:000939E8      @C2635_0
 0001:00093A84      __mbsnbcpy
 0001:00093A84      @C2653_0
 0001:00093AD8      @C2655_0
 0001:00093AD8      __mbsnbicmp
 0001:00093B98      __mbspbrk
 0001:00093B98      @C2675_0
 0001:00093C04      @C2677_0
 0001:00093C04      __mbsrchr
 0001:00093C5C      __mbctoupper
 0001:00093C5C      @C2701_0
 0001:00093C7C      @C2729_0
 0001:00093CC4      __assert
 0001:00093D24      @C2745_0
 0001:00093D74      __ErrorMessageHelper
 0001:00093DDC      @C2749_0
 0001:00093E34      __ErrorMessage
 0001:00093F50      ___ErrorMessage
 0001:00093F60      __ErrorExit
 0001:00093F78      @C2757_3
 0001:00093F78      @C2757_0
 0001:00094004      @C2761_0
 0001:00094210      _qsort
 0001:00094210      ___org_qsort
 0001:0009423C      __abort
 0001:0009423C      @C2776_0
 0001:00094250      _abort
 0001:00094260      @C2814_0
 0001:000942B8      _exit
 0001:000942D0      __exit
 0001:000942E8      __cexit
 0001:000942F8      __c_exit
 0001:00094308      ___org_getenv
 0001:00094308      @C2816_0
 0001:00094308      _getenv
 0001:00094360      @C2822_0
 0001:00094360      __init_wild_handlers
 0001:0009437C      __argv_default_expand
 0001:0009437C      @C2824_0
 0001:00094390      @C2826_0
 0001:00094390      __wargv_default_expand
 0001:000943A4      @C2832_0
 0001:000943A4      __init_setargv_handlers
 0001:000943CC      @C2838_3
 0001:000943CC      @C2838_0
 0001:000943CC      __setargv
 0001:00094454      @C2838_4
 0001:00094454      __exitargv
 0001:00094538      @C2840_0
 0001:00094538      __handle_setargv
 0001:00094690      __handle_exitargv
 0001:00094720      __handle_wsetargv
 0001:00094720      @C2842_0
 0001:000948B4      __handle_wexitargv
 0001:00094948      @C2899_2
 0001:00094948      @C2899_0
 0001:00094980      @C2899_3
 0001:00094990      @C2913_0
 0001:00094990      @C2913_4
 0001:000949C4      __expandblock
 0001:00094B10      @C2913_3
 0001:00094B30      @C2917_0
 0001:00094D58      _signal
 0001:00094DB8      _raise
 0001:00094DB8      ___org_raise
 0001:00094E28      __terminate
 0001:00094E28      @C2936_0
 0001:00094E38      __create_shmem
 0001:00094E40      __init_exit_proc
 0001:00094F14      __cleanup
 0001:00094F80      @C2938_0
 0001:00094F80      __startup
 0001:00095124      ___CRTL_TLS_Alloc
 0001:00095124      @C2952_0
 0001:0009512C      ___CRTL_TLS_Free
 0001:0009513C      ___CRTL_TLS_GetValue
 0001:0009514C      ___CRTL_TLS_SetValue
 0001:00095160      ___CRTL_TLS_InitThread
 0001:00095168      ___CRTL_TLS_ExitThread
 0001:00095170      ___CRTL_TLS_GetInfo
 0001:00095174      @C2970_0
 0001:00095174      __isDST
 0001:00095288      __totalsec
 0001:00095418      @C2972_0
 0001:00095418      @C2972_2
 0001:00095420      __tzset
 0001:00095420      @C2974_0
 0001:000955E8      _tzset
 0001:000955E8      @C2976_0
 0001:000955F0      @C2992_0
 0001:00095654      __statcvt
 0001:000956C0      __statcvt_i64
 0001:00095748      _time
 0001:00095748      @C3002_0
 0001:00095748      ___org_time
 0001:00095798      @C3029_0
 0001:00095798      @C3029_3
 0001:000957C3      ___JumpToCatch__
 0001:00095A2D      ___raiseDebuggerException
 0001:00095DE8      @_ThrowExceptionLDTC$qpvt1t1t1uiuiuipuct1
 0001:00095E1D      @_ReThrowException$quipuc
 0001:00095E88      __Global_unwind
 0001:00095FC4      @_CatchCleanup$qv
 0001:000964F4      __Local_unwind
 0001:00096507      __Return_unwind
 0001:00096568      ____ExceptionHandler
 0001:000972E6      __CurrExcContext
 0002:00000164      @D1_1
 0002:000001A8      ___isGUI
 0002:000001E0      ___isVCLPackage
 0002:000001E1      ___isDLL
 0002:000001EE      ___useDynamicTLS
 0002:000001EF      __TLS_index
 0002:000001F3      __TLS_index4
 0002:000001F7      __hInstance
 0002:000001FC      ___CPPdebugHook_segment
 0002:000001FC      ___CPPdebugHook
 0002:00000200      __PackageInfoTable
 0002:00000208      @D2_1
 0002:00001ED8      @D49_1
 0002:00002860      @D139_1
 0002:000028A8      @D141_1
 0002:00002A30      @D147_1
 0002:00002A54      _hb_cls_uiArrayClass
 0002:00002A56      _hb_cls_uiBlockClass
 0002:00002A58      _hb_cls_uiCharacterClass
 0002:00002A5A      _hb_cls_uiDateClass
 0002:00002A5C      _hb_cls_uiLogicalClass
 0002:00002A5E      _hb_cls_uiNilClass
 0002:00002A60      _hb_cls_uiNumericClass
 0002:00002A62      _hb_cls_uiPointerClass
 0002:00002A64      _hb_cls_uiHashClass
 0002:00002FD8      @D151_1
 0002:00002FE4      _hb_hInstance
 0002:00002FE8      _hb_hPrevInstance
 0002:00002FEC      _hb_iCmdShow
 0002:00002FF0      _s_WinMainParam
 0002:00003130      @D153_1
 0002:00003164      @D163_1
 0002:00003180      @D165_1
 0002:00003180      _hb_errFuncName
 0002:00003380      _hb_stack_ptr
 0002:00003380      @D167_1
 0002:00003384      _hb_stack_ready
 0002:00003508      @D169_1
 0002:00003524      @D173_1
 0002:00003528      @D177_1
 0002:00003534      _hb_gc_bReleaseAll
 0002:00003570      @D179_1
 0002:00003898      @D181_1
 0002:00003978      @D183_1
 0002:0000397C      _pHVMFuncService
 0002:00003980      _hb_symEval
 0002:000039B4      _hb_vm_sNull
 0002:000039B8      _hb_vm_bQuitRequest
 0002:000039BC      _hb_vm_iTry
 0002:000039C0      _hb_vm_BreakBlock
 0002:0000426C      @D189_1
 0002:000047D4      @D191_1
 0002:00004808      @D193_1
 0002:000048CC      @D195_1
 0002:000048CC      _hb_comp_bShortCuts
 0002:000048F8      @D197_1
 0002:00004A24      @D203_1
 0002:00004A80      @D211_1
 0002:00004A88      @D213_1
 0002:00004EE4      @D219_1
 0002:00004EEC      @D221_1
 0002:00004EF0      @D227_1
 0002:00004EFC      @D229_1
 0002:00004F0C      @D235_1
 0002:00004F18      @D237_1
 0002:00005118      _hb_uniTbl_437
 0002:0000536C      _hb_cdp_page
 0002:0000537C      @D239_1
 0002:00005384      @D241_1
 0002:00005388      @D243_1
 0002:000053C8      @D247_1
 0002:000053D8      @D249_1
 0002:00005430      @D261_1
 0002:00005454      @D271_1
 0002:00005458      @D277_1
 0002:00005470      @D285_1
 0002:00005504      @D289_1
 0002:00005508      @D295_1
 0002:00005524      @D303_1
 0002:00005554      @D317_1
 0002:000055B4      @D327_1
 0002:000055D4      @D331_1
 0002:000057A0      _s_defaultGT
 0002:00005868      @D333_1
 0002:0000588C      @D341_1
 0002:00005890      @D343_1
 0002:00005BF0      @D349_1
 0002:00005C18      @D353_1
 0002:00005C2C      _hb_vm_bCollectGarbage
 0002:00005C30      @D355_1
 0002:00005C3C      @D363_1
 0002:00005C9C      @D365_1
 0002:00005CA4      @D367_1
 0002:00005CA8      @D371_1
 0002:00005DFC      @D377_1
 0002:00005E04      @D391_1
 0002:00005E3C      @D403_1
 0002:00005E40      @D405_1
 0002:00005E44      @D407_1
 0002:00005E48      @D409_1
 0002:00005F2C      @D419_1
 0002:00006000      @D421_1
 0002:0000600C      @D425_1
 0002:00006018      @D435_1
 0002:00006020      _hb_set_ptr
 0002:00006020      @D437_1
 0002:000060C8      @D443_1
 0002:000060CC      @D457_1
 0002:000060D4      @D459_1
 0002:000060D8      @D461_1
 0002:000060DC      @D465_1
 0002:000060E8      @D467_1
 0002:000060EC      @D475_1
 0002:000060F8      @D479_1
 0002:000060FC      @D481_1
 0002:00006104      @D485_1
 0002:000061C4      @D487_1
 0002:000061F4      @D489_1
 0002:00006360      @D491_1
 0002:00006370      @D495_1
 0002:00006378      @D501_1
 0002:00006384      @D503_1
 0002:000063DC      @D505_1
 0002:000063E4      @D507_1
 0002:000063EC      @D509_1
 0002:000063F0      @D515_1
 0002:00006910      @D529_1
 0002:00007030      @D531_1
 0002:00007FFC      @D551_1
 0002:0000A86C      @D555_1
 0002:0000A98C      @D557_1
 0002:0000B8D4      @D573_1
 0002:0000B9B8      @D575_1
 0002:0000C30C      @D577_1
 0002:0000CF08      @D579_1
 0002:0000E078      @D595_1
 0002:0000E158      @D609_1
 0002:0000F4C0      @D611_1
 0002:00019FE4      @D613_1
 0002:0001B9C8      @D619_1
 0002:000222EC      @D621_1
 0002:000226A8      @D623_1
 0002:000267D8      @D629_1
 0002:00027448      @D633_1
 0002:0002790C      @D663_1
 0002:00027920      @D679_1
 0002:00027AF8      @D681_1
 0002:00027B2C      @D683_1
 0002:00027B5C      @D685_1
 0002:00027DDC      @D729_1
 0002:000280E8      @D733_1
 0002:0002815C      @D735_1
 0002:0002A358      @D737_1
 0002:0002A398      _hb_comp_ExprTable
 0002:0002A398      @D739_1
 0002:0002A508      @D743_1
 0002:0002A544      _yytext
 0002:0002A60C      _aPairs
 0002:0002B220      @D755_1
 0002:0002B6B8      @D757_1
 0002:0002B934      @D761_1
 0002:0002B93C      @D767_1
 0002:0002B93C      _hb_szAscii
 0002:0002BFC4      @D769_1
 0002:0002BFC4      _hb_tr_file_
 0002:0002BFC8      _hb_tr_line_
 0002:0002BFCC      _hb_tr_level_
 0002:0002C084      @D771_1
 0002:0002D090      @D773_1
 0002:0002D24C      @D777_1
 0002:0002D4A8      @D779_1
 0002:0002D530      @D783_1
 0002:0002E034      @D1277_0
 0002:0002E034      __pcre_default_tables
 0002:0002E474      @D1279_1
 0002:0002F0E8      @D1285_1
 0002:0002F0F4      @D1291_0
 0002:0002F0F4      _pcre_malloc
 0002:0002F0F8      _pcre_free
 0002:0002F0FC      _pcre_stack_malloc
 0002:0002F100      _pcre_stack_free
 0002:0002F104      _pcre_callout
 0002:0002F108      __pcre_OP_lengths
 0002:0002F108      @D1305_0
 0002:0002F178      @D1319_1
 0002:0002F410      @D1383_1
 0002:0002F414      @D1385_1
 0002:0002F4AC      @D1395_1
 0002:0002F4B0      __heap_redirector
 0002:0002F4CC      @D1401_1
 0002:0002F4CC      __virt_heap_size
 0002:0002F4D0      __virt_chunk_size
 0002:0002F4D4      __virt_chunk_size2
 0002:0002F4D8      __nv_heap_size
 0002:0002F4DC      __smalloc_threshold
 0002:0002F4E0      __virt_chunk_free
 0002:0002F4E4      __virt_chunk_free2
 0002:0002F4E8      __firstHeap
 0002:0002F4EC      __lastHeap
 0002:0002F4F0      __linktable
 0002:0002F4F4      __freeStart
 0002:0002F500      __rover
 0002:0002F508      ___allocated
 0002:0002F50C      @D1694_0
 0002:0002F50C      ___xxPersonality
 0002:0002F510      @D1696_1
 0002:0002F830      ___terminatePTR
 0002:0002F830      @D1698_1
 0002:0002F834      ___unexpectdPTR
 0002:0002F838      @_$CHNC$@std@terminate$qv
 0002:0002F858      @_$ECTOC$@std@terminate$qv
 0002:0002F86C      ___CPPexceptionList
 0002:0002F86C      @D1700_1
 0002:0002F870      ___exceptFlags
 0002:0002F874      ___throwFileName
 0002:0002F878      ___throwLineNumber
 0002:0002F87C      ___throwExceptionName
 0002:0002F880      ___exceptStaticBuffP
 0002:0002F884      ___exceptMemAllocVars
 0002:0002F888      ___ExceptStaticXbuff
 0002:0002F908      __ExceptVarsSize
 0002:0002F91C      @_$CHNC$@__call_terminate$qv
 0002:0002F93C      @_$ECTOC$@__call_terminate$qv
 0002:0002F950      @D1706_1
 0002:0002F950      __stkchk
 0002:0002F964      @D1722_1
 0002:0002F970      @D1742_1
 0002:0002F970      __cfinfo_get
 0002:0002F974      __notUmask
 0002:0002F974      @D1796_1
 0002:0002F978      @D1822_0
 0002:0002F978      __fileinfo
 0002:0002F97C      __streams
 0002:0002F97C      @D1892_0
 0002:0002FE2C      @D1894_0
 0002:0002FE2C      __nfile
 0002:0002FE30      __openfd
 0002:0002FEF8      @D1904_0
 0002:0002FEF8      __fmode
 0002:0002FEFC      @D1906_1
 0002:0002FEFC      __fmodeptr
 0002:0002FF00      @D1969_1
 0002:0002FF00      __dosErrorToSV
 0002:0003002C      @D1993_1
 0002:00030038      __sys_errlist
 0002:00030038      @D2001_1
 0002:000300FC      __sys_nerr
 0002:000304B4      @D2063_1
 0002:000304CC      @D2095_1
 0002:00030544      @D2175_0
 0002:00030544      __chartype
 0002:00030748      __upper
 0002:00030748      @D2185_0
 0002:00030848      _CMonetary
 0002:00030848      @D2203_0
 0002:0003087C      _CNumeric
 0002:00030894      _CTimeDate
 0002:00030958      _CLOCALE
 0002:00030984      ___locale
 0002:00030AA8      @D2329_1
 0002:00030AB8      @D2335_1
 0002:00030B78      @D2390_1
 0002:00030B78      __realcvtptr
 0002:00030B7C      __nextrealptr
 0002:00030B80      __scantodptr
 0002:00030B84      __scanrsltptr
 0002:00030BE0      @D2392_1
 0002:00030BE0      __realcvtwptr
 0002:00030BE4      __nextrealwptr
 0002:00030BE8      __scanwtodptr
 0002:00030BEC      __scanwrsltptr
 0002:00030C48      @D2394_0
 0002:00030C48      __default87
 0002:00030C4C      @D2400_1
 0002:00030C58      @D2408_1
 0002:00030C6C      @D2410_1
 0002:00030C84      @D2448_0
 0002:00030C84      __huge_flt
 0002:00030C88      __huge_dble
 0002:00030C90      __huge_ldble
 0002:00030C9A      __max_flt
 0002:00030C9E      __max_dble
 0002:00030CA6      __max_ldble
 0002:00030CB0      __indefinite
 0002:00030CB4      __tiny_ldble
 0002:00030CC0      ___ieee_64_p_inf
 0002:00030CC8      ___ieee_64_n_inf
 0002:00030CD0      ___ieee_64_p_nanq
 0002:00030CD8      ___ieee_64_n_nanq
 0002:00030CE0      ___ieee_64_p_nans
 0002:00030CE8      ___ieee_64_n_nans
 0002:00030CF0      ___ieee_64_p_zero
 0002:00030CF8      ___ieee_64_n_zero
 0002:00030D00      __turboFloat
 0002:00030D00      @D2458_0
 0002:00030D04      __floatconvert
 0002:00030D08      @D2472_1
 0002:00030D14      __pmatherr
 0002:00030D14      @D2496_1
 0002:00030D18      __pmatherrl
 0002:00030D1C      @D2500_0
 0002:00030D1C      __mathwhy
 0002:00030D60      @D2510_1
 0002:00030D7C      @D2522_1
 0002:00030D84      @D2524_1
 0002:00030D98      @D2526_1
 0002:00030DC0      @D2533_1
 0002:00030DE8      @D2535_1
 0002:00030E10      @D2545_1
 0002:00030E20      @D2593_1
 0002:00030E20      __kalpha
 0002:00030E22      __kpunct
 0002:00030E68      @D2729_1
 0002:00030E8C      @D2745_1
 0002:00030EB0      @D2747_1
 0002:00030EB0      _errno
 0002:00030EB4      @D2749_1
 0002:00030EB4      __messagefunc
 0002:00030EB8      __messagefile
 0002:00030EC4      @D2757_1
 0002:00030EEC      @D2776_1
 0002:00030F0C      @D2778_0
 0002:00030F0C      ___pCallAtExitProcs
 0002:00030F10      @D2814_1
 0002:00030F10      __exitbuf
 0002:00030F14      __exitfopen
 0002:00030F18      __exitopen
 0002:00030F1C      @D2834_0
 0002:00030F1C      __setargv_ptr
 0002:00030F20      __exitargv_ptr
 0002:00030F24      __wsetargv_ptr
 0002:00030F24      @D2836_0
 0002:00030F28      __wexitargv_ptr
 0002:00030F2C      __setargv__
 0002:00030F2C      @D2838_1
 0002:00030F80      @D2840_1
 0002:00030F80      __cmdline_escapes
 0002:00030FA8      @D2842_1
 0002:00030FCC      @D2895_0
 0002:00030FCC      __argv_expand_ptr
 0002:00030FD0      __wargv_expand_ptr
 0002:00030FD0      @D2897_0
 0002:00030FD4      __argv0
 0002:00030FD4      @D2899_1
 0002:00030FF4      @D2913_1
 0002:00030FF4      __setenvp__
 0002:00031048      @D2917_1
 0002:000310A8      @D2935_0
 0002:000310A8      __isWindows
 0002:000310AC      @D2936_1
 0002:000310B0      @D2966_0
 0002:000310B0      __SWeekday
 0002:000310CC      __LWeekday
 0002:000310E8      __SMonth
 0002:00031118      __LMonth
 0002:00031148      __AmPm
 0002:00031150      __Days
 0002:0003115C      __YDays
 0002:00031274      @D2972_1
 0002:00031274      __timezone
 0002:00031278      __daylight
 0002:0003127C      @D2974_1
 0002:0003127C      __tzname
 0002:0003128C      @D3029_1
 0002:0003128C      ___debuggerDisableTerminateCallback
 0003:00000000      @B2_2
 0003:00000018      @B151_2
 0003:00000030      @B165_2
 0003:00000034      @B167_2
 0003:00000034      _hb_stackST
 0003:000011D4      @B173_2
 0003:000011EC      @B181_2
 0003:00001378      @B183_2
 0003:000013B0      @B213_2
 0003:000013C8      @B219_2
 0003:000016C8      @B243_2
 0003:000016CC      @B277_2
 0003:000018E0      @B301_1
 0003:000018E8      @B331_2
 0003:000019F4      @B363_2
 0003:00001BF4      _hb_set
 0003:00001BF4      @B437_2
 0003:00002174      _s_PrintFileName
 0003:00002279      _s_PrinterName
 0003:00002380      _s_isDefaultPrinterDevice
 0003:00002384      @B447_1
 0003:00002388      @B503_2
 0003:000023A0      @B509_2
 0003:000023A4      @B515_2
 0003:000023BC      @B529_2
 0003:000023D4      @B531_2
 0003:000023EC      @B551_2
 0003:00002404      @B555_2
 0003:0000241C      @B557_2
 0003:00002434      @B573_2
 0003:0000244C      @B575_2
 0003:00002464      @B577_2
 0003:0000247C      @B579_2
 0003:00002494      @B595_2
 0003:000024AC      @B609_2
 0003:000024C4      @B611_2
 0003:000024DC      @B613_2
 0003:000024F4      @B619_2
 0003:0000250C      @B621_2
 0003:00002524      @B623_2
 0003:0000253C      @B629_2
 0003:00002554      @B633_2
 0003:0000256C      @B685_2
 0003:00002710      @B729_2
 0003:00002728      @B733_2
 0003:00002740      @B735_2
 0003:00002784      @B743_2
 0003:0000284C      _yyleng
 0003:00002858      _yyin
 0003:00007264      @B755_2
 0003:0000740C      @B757_2
 0003:000075B0      @B783_2
 0003:00007E08      __bormm_pfn_FreeMem
 0003:00007E08      @B1385_2
 0003:00007E0C      __bormm_pfn_GetMem
 0003:00007E10      __bormm_pfn_ReallocMem
 0003:00007E14      __bormm_pfn_HeapAddRef
 0003:00007E18      __bormm_pfn_HeapRelease
 0003:00007E20      @B1696_2
 0003:00008230      __DestructorCountPtr
 0003:00008230      @B1700_2
 0003:00008238      __HandlerPtr
 0003:00008238      @B1706_2
 0003:0000823C      __UserHandlerPtr
 0003:00008240      @B1894_1
 0003:00008240      __pidtab
 0003:00008308      __handles
 0003:000083D0      __doserrno
 0003:000083D0      @B1969_2
 0003:000083D4      @B1975_1
 0003:000083D8      __tmpnum
 0003:000083D8      @B1993_2
 0003:000083E8      @B2593_2
 0003:000083E8      __mbctype
 0003:000084EC      __mbcsCodePage
 0003:000084F0      @B2729_2
 0003:000085F0      @B2745_2
 0003:0000860C      @B2757_2
 0003:0000860C      __ostype
 0003:00008610      @B2761_1
 0003:00008618      __argv
 0003:00008618      @B2838_2
 0003:00008624      @B2840_2
 0003:00008628      @B2842_2
 0003:0000862C      @B2913_2
 0003:0000862C      __environ
 0003:00008634      __envsize
 0003:00008638      __env_lock
 0003:0000863C      @B2935_1
 0003:0000863C      __C0argc
 0003:00008640      __C0argv
 0003:00008644      __C0environ
 0003:00008648      __oscmd
 0003:0000864C      __osenv
 0003:00008650      __argc
 0003:00008654      __dll_table
 0003:0000865C      __ExcRegPtr
 0003:00008660      __wosenv
 0003:00008664      __woscmd
 0003:00008668      __wC0argv
 0003:0000866C      __wC0environ
 0003:00008670      __exe_table
 0003:00008678      __stkbase
 0003:0000867C      @B2974_2
 0003:00008684      @B3029_2
 0003:00008688      ___pCPPdebugHook
 0004:00000000      ___xxInfo
 0004:00000000      @T1700_3
